2026-05-31 05:43:53.537 -07:00 [ERR] CorrelationId= TraceId= UserId= ServiceName=SplitSpend.AuthService Failed to apply database migrations.
Microsoft.Data.SqlClient.SqlException (0x80131904): A network-related or instance-specific error occurred while establishing a connection to SQL Server. The server was not found or was not accessible. Verify that the instance name is correct and that SQL Server is configured to allow remote connections. (provider: Named Pipes Provider, error: 40 - Could not open a connection to SQL Server)
 ---> System.ComponentModel.Win32Exception (53): The network path was not found.
   at Microsoft.Data.SqlClient.SqlInternalConnection.OnError(SqlException exception, Boolean breakConnection, Action`1 wrapCloseInAction)
   at Microsoft.Data.SqlClient.TdsParser.ThrowExceptionAndWarning(TdsParserStateObject stateObj, SqlCommand command, Boolean callerHasConnectionLock, Boolean asyncClose)
   at Microsoft.Data.SqlClient.TdsParser.Connect(ServerInfo serverInfo, SqlInternalConnectionTds connHandler, TimeoutTimer timeout, SqlConnectionString connectionOptions, Boolean withFailover)
   at Microsoft.Data.SqlClient.SqlInternalConnectionTds.AttemptOneLogin(ServerInfo serverInfo, String newPassword, SecureString newSecurePassword, TimeoutTimer timeout, Boolean withFailover)
   at Microsoft.Data.SqlClient.SqlInternalConnectionTds.LoginNoFailover(ServerInfo serverInfo, String newPassword, SecureString newSecurePassword, Boolean redirectedUserInstance, SqlConnectionString connectionOptions, SqlCredential credential, TimeoutTimer timeout)
   at Microsoft.Data.SqlClient.SqlInternalConnectionTds.OpenLoginEnlist(TimeoutTimer timeout, SqlConnectionString connectionOptions, SqlCredential credential, String newPassword, SecureString newSecurePassword, Boolean redirectedUserInstance)
   at Microsoft.Data.SqlClient.SqlInternalConnectionTds..ctor(DbConnectionPoolIdentity identity, SqlConnectionString connectionOptions, SqlCredential credential, Object providerInfo, String newPassword, SecureString newSecurePassword, Boolean redirectedUserInstance, SqlConnectionString userConnectionOptions, SessionData reconnectSessionData, Boolean applyTransientFaultHandling, String accessToken, DbConnectionPool pool, Func`3 accessTokenCallback)
   at Microsoft.Data.SqlClient.SqlConnectionFactory.CreateConnection(DbConnectionOptions options, DbConnectionPoolKey poolKey, Object poolGroupProviderInfo, DbConnectionPool pool, DbConnection owningConnection, DbConnectionOptions userOptions)
   at Microsoft.Data.ProviderBase.DbConnectionFactory.CreatePooledConnection(DbConnectionPool pool, DbConnection owningObject, DbConnectionOptions options, DbConnectionPoolKey poolKey, DbConnectionOptions userOptions)
   at Microsoft.Data.ProviderBase.DbConnectionPool.CreateObject(DbConnection owningObject, DbConnectionOptions userOptions, DbConnectionInternal oldConnection)
   at Microsoft.Data.ProviderBase.DbConnectionPool.UserCreateRequest(DbConnection owningObject, DbConnectionOptions userOptions, DbConnectionInternal oldConnection)
   at Microsoft.Data.ProviderBase.DbConnectionPool.TryGetConnection(DbConnection owningObject, UInt32 waitForMultipleObjectsTimeout, Boolean allowCreate, Boolean onlyOneCheckConnection, DbConnectionOptions userOptions, DbConnectionInternal& connection)
   at Microsoft.Data.ProviderBase.DbConnectionPool.WaitForPendingOpen()
--- End of stack trace from previous location ---
   at Microsoft.EntityFrameworkCore.Storage.RelationalConnection.OpenInternalAsync(Boolean errorsExpected, CancellationToken cancellationToken)
   at Microsoft.EntityFrameworkCore.Storage.RelationalConnection.OpenInternalAsync(Boolean errorsExpected, CancellationToken cancellationToken)
   at Microsoft.EntityFrameworkCore.Storage.RelationalConnection.OpenAsync(CancellationToken cancellationToken, Boolean errorsExpected)
   at Microsoft.EntityFrameworkCore.SqlServer.Storage.Internal.SqlServerDatabaseCreator.<>c__DisplayClass20_0.<<ExistsAsync>b__0>d.MoveNext()
--- End of stack trace from previous location ---
   at Microsoft.EntityFrameworkCore.SqlServer.Storage.Internal.SqlServerDatabaseCreator.<>c__DisplayClass20_0.<<ExistsAsync>b__0>d.MoveNext()
--- End of stack trace from previous location ---
   at Microsoft.EntityFrameworkCore.SqlServer.Storage.Internal.SqlServerDatabaseCreator.<>c__DisplayClass20_0.<<ExistsAsync>b__0>d.MoveNext()
--- End of stack trace from previous location ---
   at Microsoft.EntityFrameworkCore.Storage.ExecutionStrategy.<>c__DisplayClass30_0`2.<<ExecuteAsync>b__0>d.MoveNext()
--- End of stack trace from previous location ---
   at Microsoft.EntityFrameworkCore.Storage.ExecutionStrategy.ExecuteImplementationAsync[TState,TResult](Func`4 operation, Func`4 verifySucceeded, TState state, CancellationToken cancellationToken)
   at Microsoft.EntityFrameworkCore.Storage.ExecutionStrategy.ExecuteImplementationAsync[TState,TResult](Func`4 operation, Func`4 verifySucceeded, TState state, CancellationToken cancellationToken)
   at Microsoft.EntityFrameworkCore.Storage.ExecutionStrategy.ExecuteAsync[TState,TResult](TState state, Func`4 operation, Func`4 verifySucceeded, CancellationToken cancellationToken)
   at Microsoft.EntityFrameworkCore.Migrations.HistoryRepository.ExistsAsync(CancellationToken cancellationToken)
   at Microsoft.EntityFrameworkCore.Migrations.Internal.Migrator.MigrateAsync(String targetMigration, CancellationToken cancellationToken)
   at SplitSpend.AuthService.Extensions.ServiceExtensions.MigrateDatabaseAsync(WebApplication app) in C:\Users\OWNER\Desktop\SplitSpend\SplitSpend.AuthService\src\Extensions\ServiceExtensions.cs:line 379
ClientConnectionId:00000000-0000-0000-0000-000000000000
Error Number:53,State:0,Class:20
2026-05-31 05:45:52.448 -07:00 [ERR] CorrelationId= TraceId= UserId= ServiceName=SplitSpend.AuthService Failed to register Auth Service with Consul.
System.Net.Http.HttpRequestException: No such host is known. (consul:8500)
 ---> System.Net.Sockets.SocketException (11001): No such host is known.
   at System.Net.Sockets.Socket.AwaitableSocketAsyncEventArgs.ThrowException(SocketError error, CancellationToken cancellationToken)
   at System.Net.Sockets.Socket.AwaitableSocketAsyncEventArgs.System.Threading.Tasks.Sources.IValueTaskSource.GetResult(Int16 token)
   at System.Net.Sockets.Socket.<ConnectAsync>g__WaitForConnectWithCancellation|285_0(AwaitableSocketAsyncEventArgs saea, ValueTask connectTask, CancellationToken cancellationToken)
   at System.Net.Http.HttpConnectionPool.ConnectToTcpHostAsync(String host, Int32 port, HttpRequestMessage initialRequest, Boolean async, CancellationToken cancellationToken)
   --- End of inner exception stack trace ---
   at System.Net.Http.HttpConnectionPool.ConnectToTcpHostAsync(String host, Int32 port, HttpRequestMessage initialRequest, Boolean async, CancellationToken cancellationToken)
   at System.Net.Http.HttpConnectionPool.ConnectAsync(HttpRequestMessage request, Boolean async, CancellationToken cancellationToken)
   at System.Net.Http.HttpConnectionPool.CreateHttp11ConnectionAsync(HttpRequestMessage request, Boolean async, CancellationToken cancellationToken)
   at System.Net.Http.HttpConnectionPool.AddHttp11ConnectionAsync(QueueItem queueItem)
   at System.Threading.Tasks.TaskCompletionSourceWithCancellation`1.WaitWithCancellationAsync(CancellationToken cancellationToken)
   at System.Net.Http.HttpConnectionPool.HttpConnectionWaiter`1.WaitForConnectionWithTelemetryAsync(HttpRequestMessage request, HttpConnectionPool pool, Boolean async, CancellationToken requestCancellationToken)
   at System.Net.Http.HttpConnectionPool.SendWithVersionDetectionAndRetryAsync(HttpRequestMessage request, Boolean async, Boolean doRequestAuth, CancellationToken cancellationToken)
   at System.Net.Http.DiagnosticsHandler.SendAsyncCore(HttpRequestMessage request, Boolean async, CancellationToken cancellationToken)
   at System.Net.Http.RedirectHandler.SendAsync(HttpRequestMessage request, Boolean async, CancellationToken cancellationToken)
   at System.Net.Http.HttpClient.<SendAsync>g__Core|83_0(HttpRequestMessage request, HttpCompletionOption completionOption, CancellationTokenSource cts, Boolean disposeCts, CancellationTokenSource pendingRequestsCts, CancellationToken originalCancellationToken)
   at Consul.PutRequest`1.Execute(CancellationToken ct)
   at SplitSpend.AuthService.Infrastructure.Consul.ConsulRegistrationService.StartAsync(CancellationToken cancellationToken) in C:\Users\OWNER\Desktop\SplitSpend\SplitSpend.AuthService\src\Infrastructure\Consul\ConsulRegistrationService.cs:line 34
2026-05-31 05:45:52.746 -07:00 [WRN] CorrelationId= TraceId= UserId= ServiceName=SplitSpend.AuthService Overriding address(es) 'http://0.0.0.0:5001'. Binding to endpoints defined via IConfiguration and/or UseKestrel() instead.
2026-05-31 05:45:57.213 -07:00 [WRN] CorrelationId= TraceId= UserId= ServiceName=SplitSpend.AuthService Consumer [] error ("Local_Resolve"): GroupCoordinator: kafka:9092: Failed to resolve 'kafka:9092': No such host is known.  (after 2291ms in state CONNECT) on user.created. IsFatal(false)
2026-05-31 05:46:06.590 -07:00 [WRN] CorrelationId= TraceId= UserId= ServiceName=SplitSpend.AuthService Consumer [] error ("Local_Resolve"): GroupCoordinator: kafka:9092: Failed to resolve 'kafka:9092': No such host is known.  (after 2287ms in state CONNECT) on user.created. IsFatal(false)
2026-05-31 05:46:19.994 -07:00 [WRN] CorrelationId= TraceId= UserId= ServiceName=SplitSpend.AuthService Consumer [] error ("Local_Resolve"): GroupCoordinator: kafka:9092: Failed to resolve 'kafka:9092': No such host is known.  (after 2289ms in state CONNECT) on user.created. IsFatal(false)
2026-05-31 05:46:40.136 -07:00 [WRN] CorrelationId= TraceId= UserId= ServiceName=SplitSpend.AuthService Consumer [] error ("Local_Resolve"): GroupCoordinator: kafka:9092: Failed to resolve 'kafka:9092': No such host is known.  (after 2282ms in state CONNECT) on user.created. IsFatal(false)
2026-05-31 05:47:08.623 -07:00 [WRN] CorrelationId= TraceId= UserId= ServiceName=SplitSpend.AuthService Consumer [] error ("Local_Resolve"): GroupCoordinator: kafka:9092: Failed to resolve 'kafka:9092': No such host is known.  (after 2283ms in state CONNECT) on user.created. IsFatal(false)
2026-05-31 05:47:10.064 -07:00 [WRN] CorrelationId=e9347092ffe443e48ceff72490991e37 TraceId=89a4085551caa74d265b44dad262e11b UserId= ServiceName=SplitSpend.AuthService Error ("Local_Resolve"): kafka:9092/1: Failed to resolve 'kafka:9092': No such host is known.  (after 2278ms in state CONNECT) on producer: rdkafka#producer-5
2026-05-31 05:47:13.359 -07:00 [WRN] CorrelationId=e9347092ffe443e48ceff72490991e37 TraceId=89a4085551caa74d265b44dad262e11b UserId= ServiceName=SplitSpend.AuthService Error ("Local_Resolve"): kafka:9092/1: Failed to resolve 'kafka:9092': No such host is known.  (after 2280ms in state CONNECT, 1 identical error(s) suppressed) on producer: rdkafka#producer-5
2026-05-31 05:47:42.012 -07:00 [WRN] CorrelationId= TraceId= UserId= ServiceName=SplitSpend.AuthService Consumer [] error ("Local_Resolve"): GroupCoordinator: kafka:9092: Failed to resolve 'kafka:9092': No such host is known.  (after 2283ms in state CONNECT) on user.created. IsFatal(false)
2026-05-31 05:47:46.940 -07:00 [WRN] CorrelationId=e9347092ffe443e48ceff72490991e37 TraceId=89a4085551caa74d265b44dad262e11b UserId= ServiceName=SplitSpend.AuthService Error ("Local_Resolve"): kafka:9092/1: Failed to resolve 'kafka:9092': No such host is known.  (after 2280ms in state CONNECT, 7 identical error(s) suppressed) on producer: rdkafka#producer-5
2026-05-31 05:48:15.437 -07:00 [WRN] CorrelationId= TraceId= UserId= ServiceName=SplitSpend.AuthService Consumer [] error ("Local_Resolve"): GroupCoordinator: kafka:9092: Failed to resolve 'kafka:9092': No such host is known.  (after 2298ms in state CONNECT) on user.created. IsFatal(false)
2026-05-31 05:48:26.452 -07:00 [WRN] CorrelationId=e9347092ffe443e48ceff72490991e37 TraceId=89a4085551caa74d265b44dad262e11b UserId= ServiceName=SplitSpend.AuthService Error ("Local_Resolve"): kafka:9092/1: Failed to resolve 'kafka:9092': No such host is known.  (after 2280ms in state CONNECT, 4 identical error(s) suppressed) on producer: rdkafka#producer-5
2026-05-31 05:48:48.820 -07:00 [WRN] CorrelationId= TraceId= UserId= ServiceName=SplitSpend.AuthService Consumer [] error ("Local_Resolve"): GroupCoordinator: kafka:9092: Failed to resolve 'kafka:9092': No such host is known.  (after 2278ms in state CONNECT) on user.created. IsFatal(false)
2026-05-31 05:49:02.061 -07:00 [WRN] CorrelationId=e9347092ffe443e48ceff72490991e37 TraceId=89a4085551caa74d265b44dad262e11b UserId= ServiceName=SplitSpend.AuthService Error ("Local_Resolve"): kafka:9092/1: Failed to resolve 'kafka:9092': No such host is known.  (after 2292ms in state CONNECT, 4 identical error(s) suppressed) on producer: rdkafka#producer-5
2026-05-31 05:49:22.200 -07:00 [WRN] CorrelationId= TraceId= UserId= ServiceName=SplitSpend.AuthService Consumer [] error ("Local_Resolve"): GroupCoordinator: kafka:9092: Failed to resolve 'kafka:9092': No such host is known.  (after 2285ms in state CONNECT) on user.created. IsFatal(false)
2026-05-31 05:49:42.102 -07:00 [WRN] CorrelationId=e9347092ffe443e48ceff72490991e37 TraceId=89a4085551caa74d265b44dad262e11b UserId= ServiceName=SplitSpend.AuthService Error ("Local_Resolve"): kafka:9092/1: Failed to resolve 'kafka:9092': No such host is known.  (after 2299ms in state CONNECT, 4 identical error(s) suppressed) on producer: rdkafka#producer-5
2026-05-31 05:49:55.583 -07:00 [WRN] CorrelationId= TraceId= UserId= ServiceName=SplitSpend.AuthService Consumer [] error ("Local_Resolve"): GroupCoordinator: kafka:9092: Failed to resolve 'kafka:9092': No such host is known.  (after 2300ms in state CONNECT) on user.created. IsFatal(false)
2026-05-31 05:50:19.671 -07:00 [WRN] CorrelationId=e9347092ffe443e48ceff72490991e37 TraceId=89a4085551caa74d265b44dad262e11b UserId= ServiceName=SplitSpend.AuthService Error ("Local_Resolve"): kafka:9092/1: Failed to resolve 'kafka:9092': No such host is known.  (after 2300ms in state CONNECT, 4 identical error(s) suppressed) on producer: rdkafka#producer-5
2026-05-31 05:50:28.927 -07:00 [WRN] CorrelationId= TraceId= UserId= ServiceName=SplitSpend.AuthService Consumer [] error ("Local_Resolve"): GroupCoordinator: kafka:9092: Failed to resolve 'kafka:9092': No such host is known.  (after 2278ms in state CONNECT) on user.created. IsFatal(false)
2026-05-31 05:50:57.375 -07:00 [WRN] CorrelationId=e9347092ffe443e48ceff72490991e37 TraceId=89a4085551caa74d265b44dad262e11b UserId= ServiceName=SplitSpend.AuthService Error ("Local_Resolve"): kafka:9092/1: Failed to resolve 'kafka:9092': No such host is known.  (after 2271ms in state CONNECT, 4 identical error(s) suppressed) on producer: rdkafka#producer-5
2026-05-31 05:51:02.308 -07:00 [WRN] CorrelationId= TraceId= UserId= ServiceName=SplitSpend.AuthService Consumer [] error ("Local_Resolve"): GroupCoordinator: kafka:9092: Failed to resolve 'kafka:9092': No such host is known.  (after 2283ms in state CONNECT) on user.created. IsFatal(false)
2026-05-31 05:51:27.438 -07:00 [WRN] CorrelationId=e9347092ffe443e48ceff72490991e37 TraceId=89a4085551caa74d265b44dad262e11b UserId= ServiceName=SplitSpend.AuthService Error ("Local_Resolve"): kafka:9092/1: Failed to resolve 'kafka:9092': No such host is known.  (after 2292ms in state CONNECT, 3 identical error(s) suppressed) on producer: rdkafka#producer-5
2026-05-31 05:51:35.693 -07:00 [WRN] CorrelationId= TraceId= UserId= ServiceName=SplitSpend.AuthService Consumer [] error ("Local_Resolve"): GroupCoordinator: kafka:9092: Failed to resolve 'kafka:9092': No such host is known.  (after 2281ms in state CONNECT) on user.created. IsFatal(false)
2026-05-31 05:51:57.462 -07:00 [WRN] CorrelationId=e9347092ffe443e48ceff72490991e37 TraceId=89a4085551caa74d265b44dad262e11b UserId= ServiceName=SplitSpend.AuthService Error ("Local_Resolve"): kafka:9092/1: Failed to resolve 'kafka:9092': No such host is known.  (after 2276ms in state CONNECT, 3 identical error(s) suppressed) on producer: rdkafka#producer-5
2026-05-31 05:52:06.897 -07:00 [ERR] CorrelationId=e9347092ffe443e48ceff72490991e37 TraceId=89a4085551caa74d265b44dad262e11b UserId= ServiceName=SplitSpend.AuthService S-FAULT "loopback://localhost/kafka/user.registered" "844e0000-aa5c-a86d-1022-08debf12b863" SplitSpend.AuthService.Domain.Events.UserRegisteredEvent
Confluent.Kafka.ProduceException`2[System.Byte[],System.Byte[]]: Local: Message timed out
   at Confluent.Kafka.Producer`2.ProduceAsync(TopicPartition topicPartition, Message`2 message, CancellationToken cancellationToken)
   at MassTransit.KafkaIntegration.KafkaTopicSendTransportContext`2.Send(ProducerContext producerContext, KafkaSendContext`2 sendContext) in /_/src/Transports/MassTransit.KafkaIntegration/KafkaIntegration/KafkaTopicSendTransportContext.cs:line 94
   at MassTransit.KafkaIntegration.TopicProducer`2.SendPipe.Send(ProducerContext context) in /_/src/Transports/MassTransit.KafkaIntegration/KafkaIntegration/TopicProducer.cs:line 114
2026-05-31 05:52:07.977 -07:00 [ERR] CorrelationId=e9347092ffe443e48ceff72490991e37 TraceId=89a4085551caa74d265b44dad262e11b UserId= ServiceName=SplitSpend.AuthService Unhandled exception. CorrelationId=e9347092ffe443e48ceff72490991e37 Path=/api/auth/register
Confluent.Kafka.ProduceException`2[System.Byte[],System.Byte[]]: Local: Message timed out
   at Confluent.Kafka.Producer`2.ProduceAsync(TopicPartition topicPartition, Message`2 message, CancellationToken cancellationToken)
   at MassTransit.KafkaIntegration.KafkaTopicSendTransportContext`2.Send(ProducerContext producerContext, KafkaSendContext`2 sendContext) in /_/src/Transports/MassTransit.KafkaIntegration/KafkaIntegration/KafkaTopicSendTransportContext.cs:line 94
   at MassTransit.KafkaIntegration.TopicProducer`2.SendPipe.Send(ProducerContext context) in /_/src/Transports/MassTransit.KafkaIntegration/KafkaIntegration/TopicProducer.cs:line 114
   at MassTransit.KafkaIntegration.TopicProducer`2.SendPipe.Send(ProducerContext context) in /_/src/Transports/MassTransit.KafkaIntegration/KafkaIntegration/TopicProducer.cs:line 132
   at MassTransit.Agents.PipeContextSupervisor`1.Send(IPipe`1 pipe, CancellationToken cancellationToken) in /_/src/MassTransit/Agents/PipeContextSupervisor.cs:line 55
   at MassTransit.Agents.PipeContextSupervisor`1.Send(IPipe`1 pipe, CancellationToken cancellationToken) in /_/src/MassTransit/Agents/PipeContextSupervisor.cs:line 61
   at MassTransit.Agents.PipeContextSupervisor`1.Send(IPipe`1 pipe, CancellationToken cancellationToken) in /_/src/MassTransit/Agents/PipeContextSupervisor.cs:line 67
   at MassTransit.Transports.HostConfigurationRetryExtensions.Retry(IHostConfiguration hostConfiguration, Func`1 factory, CancellationToken cancellationToken, CancellationToken stoppingToken) in /_/src/MassTransit/Transports/HostConfigurationRetryExtensions.cs:line 39
   at SplitSpend.AuthService.Infrastructure.Messaging.KafkaEventPublisher.PublishUserRegisteredAsync(Guid credentialId, String email, String role, String correlationId, CancellationToken ct) in C:\Users\OWNER\Desktop\SplitSpend\SplitSpend.AuthService\src\Infrastructure\Messaging\KafkaEventPublisher.cs:line 32
   at SplitSpend.AuthService.Application.Services.AuthServices.AuthService.RegisterAsync(RegisterRequest request, String correlationId, CancellationToken ct) in C:\Users\OWNER\Desktop\SplitSpend\SplitSpend.AuthService\src\Application\Services\AuthServices\AuthService.cs:line 55
   at SplitSpend.AuthService.Controllers.AuthController.Register(RegisterRequest request, String idempotencyKey, CancellationToken ct) in C:\Users\OWNER\Desktop\SplitSpend\SplitSpend.AuthService\src\Controllers\AuthController.cs:line 41
   at Microsoft.AspNetCore.Mvc.Infrastructure.ActionMethodExecutor.TaskOfIActionResultExecutor.Execute(ActionContext actionContext, IActionResultTypeMapper mapper, ObjectMethodExecutor executor, Object controller, Object[] arguments)
   at Microsoft.AspNetCore.Mvc.Infrastructure.ControllerActionInvoker.<InvokeActionMethodAsync>g__Logged|12_1(ControllerActionInvoker invoker)
   at Microsoft.AspNetCore.Mvc.Infrastructure.ControllerActionInvoker.<InvokeNextActionFilterAsync>g__Awaited|10_0(ControllerActionInvoker invoker, Task lastTask, State next, Scope scope, Object state, Boolean isCompleted)
   at Microsoft.AspNetCore.Mvc.Infrastructure.ControllerActionInvoker.Rethrow(ActionExecutedContextSealed context)
   at Microsoft.AspNetCore.Mvc.Infrastructure.ControllerActionInvoker.Next(State& next, Scope& scope, Object& state, Boolean& isCompleted)
   at Microsoft.AspNetCore.Mvc.Infrastructure.ControllerActionInvoker.<InvokeInnerFilterAsync>g__Awaited|13_0(ControllerActionInvoker invoker, Task lastTask, State next, Scope scope, Object state, Boolean isCompleted)
   at Microsoft.AspNetCore.Mvc.Infrastructure.ResourceInvoker.<InvokeFilterPipelineAsync>g__Awaited|20_0(ResourceInvoker invoker, Task lastTask, State next, Scope scope, Object state, Boolean isCompleted)
   at Microsoft.AspNetCore.Mvc.Infrastructure.ResourceInvoker.<InvokeAsync>g__Logged|17_1(ResourceInvoker invoker)
   at Microsoft.AspNetCore.Mvc.Infrastructure.ResourceInvoker.<InvokeAsync>g__Logged|17_1(ResourceInvoker invoker)
   at Microsoft.AspNetCore.Authorization.AuthorizationMiddleware.Invoke(HttpContext context)
   at Microsoft.AspNetCore.Authentication.AuthenticationMiddleware.Invoke(HttpContext context)
   at Microsoft.AspNetCore.RateLimiting.RateLimitingMiddleware.InvokeInternal(HttpContext context, EnableRateLimitingAttribute enableRateLimitingAttribute)
   at SplitSpend.AuthService.Middleware.AuthMiddleware.CorrelationIdMiddleware.InvokeAsync(HttpContext context) in C:\Users\OWNER\Desktop\SplitSpend\SplitSpend.AuthService\src\Middleware\AuthMiddleware\CorrelationIdMiddleware.cs:line 31
   at SplitSpend.AuthService.Middleware.AuthMiddleware.GlobalExceptionMiddleware.InvokeAsync(HttpContext context) in C:\Users\OWNER\Desktop\SplitSpend\SplitSpend.AuthService\src\Middleware\AuthMiddleware\GlobalExceptionMiddleware.cs:line 16
2026-05-31 05:52:09.102 -07:00 [WRN] CorrelationId= TraceId= UserId= ServiceName=SplitSpend.AuthService Consumer [] error ("Local_Resolve"): GroupCoordinator: kafka:9092: Failed to resolve 'kafka:9092': No such host is known.  (after 2296ms in state CONNECT) on user.created. IsFatal(false)
2026-05-31 05:52:42.510 -07:00 [WRN] CorrelationId= TraceId= UserId= ServiceName=SplitSpend.AuthService Consumer [] error ("Local_Resolve"): GroupCoordinator: kafka:9092: Failed to resolve 'kafka:9092': No such host is known.  (after 2281ms in state CONNECT) on user.created. IsFatal(false)
2026-05-31 05:52:48.107 -07:00 [WRN] CorrelationId=f3155b309f224acf8b6f5c04e4d85ee3 TraceId=10060f119820d033a3754fd8a6981e6c UserId= ServiceName=SplitSpend.AuthService Auth error. Status=409 Message=An account with this email already exists. CorrelationId=f3155b309f224acf8b6f5c04e4d85ee3
2026-05-31 05:53:15.911 -07:00 [WRN] CorrelationId= TraceId= UserId= ServiceName=SplitSpend.AuthService Consumer [] error ("Local_Resolve"): GroupCoordinator: kafka:9092: Failed to resolve 'kafka:9092': No such host is known.  (after 2284ms in state CONNECT) on user.created. IsFatal(false)
2026-05-31 05:53:49.316 -07:00 [WRN] CorrelationId= TraceId= UserId= ServiceName=SplitSpend.AuthService Consumer [] error ("Local_Resolve"): GroupCoordinator: kafka:9092: Failed to resolve 'kafka:9092': No such host is known.  (after 2288ms in state CONNECT) on user.created. IsFatal(false)
2026-05-31 05:54:22.700 -07:00 [WRN] CorrelationId= TraceId= UserId= ServiceName=SplitSpend.AuthService Consumer [] error ("Local_Resolve"): GroupCoordinator: kafka:9092: Failed to resolve 'kafka:9092': No such host is known.  (after 2304ms in state CONNECT) on user.created. IsFatal(false)
2026-05-31 05:54:25.775 -07:00 [WRN] CorrelationId=560c938721d1414c99c111c32d6672a3 TraceId=a82584bbe1a65b5f762c621ea55a2c6f UserId= ServiceName=SplitSpend.AuthService Auth error. Status=403 Message=Please verify your email before logging in. CorrelationId=560c938721d1414c99c111c32d6672a3
2026-05-31 05:54:56.094 -07:00 [WRN] CorrelationId= TraceId= UserId= ServiceName=SplitSpend.AuthService Consumer [] error ("Local_Resolve"): GroupCoordinator: kafka:9092: Failed to resolve 'kafka:9092': No such host is known.  (after 2288ms in state CONNECT) on user.created. IsFatal(false)
2026-05-31 05:55:29.437 -07:00 [WRN] CorrelationId= TraceId= UserId= ServiceName=SplitSpend.AuthService Consumer [] error ("Local_Resolve"): GroupCoordinator: kafka:9092: Failed to resolve 'kafka:9092': No such host is known.  (after 2283ms in state CONNECT) on user.created. IsFatal(false)
2026-05-31 05:59:40.283 -07:00 [WRN] CorrelationId= TraceId= UserId= ServiceName=SplitSpend.AuthService Consumer [] error ("Local_Resolve"): GroupCoordinator: kafka:9092: Failed to resolve 'kafka:9092': No such host is known.  (after 2283ms in state CONNECT) on user.created. IsFatal(false)
2026-05-31 05:59:40.588 -07:00 [ERR] CorrelationId= TraceId= UserId= ServiceName=SplitSpend.AuthService Failed to register Auth Service with Consul.
System.Net.Http.HttpRequestException: No such host is known. (consul:8500)
 ---> System.Net.Sockets.SocketException (11001): No such host is known.
   at System.Net.Sockets.Socket.AwaitableSocketAsyncEventArgs.ThrowException(SocketError error, CancellationToken cancellationToken)
   at System.Net.Sockets.Socket.AwaitableSocketAsyncEventArgs.System.Threading.Tasks.Sources.IValueTaskSource.GetResult(Int16 token)
   at System.Net.Sockets.Socket.<ConnectAsync>g__WaitForConnectWithCancellation|285_0(AwaitableSocketAsyncEventArgs saea, ValueTask connectTask, CancellationToken cancellationToken)
   at System.Net.Http.HttpConnectionPool.ConnectToTcpHostAsync(String host, Int32 port, HttpRequestMessage initialRequest, Boolean async, CancellationToken cancellationToken)
   --- End of inner exception stack trace ---
   at System.Net.Http.HttpConnectionPool.ConnectToTcpHostAsync(String host, Int32 port, HttpRequestMessage initialRequest, Boolean async, CancellationToken cancellationToken)
   at System.Net.Http.HttpConnectionPool.ConnectAsync(HttpRequestMessage request, Boolean async, CancellationToken cancellationToken)
   at System.Net.Http.HttpConnectionPool.CreateHttp11ConnectionAsync(HttpRequestMessage request, Boolean async, CancellationToken cancellationToken)
   at System.Net.Http.HttpConnectionPool.AddHttp11ConnectionAsync(QueueItem queueItem)
   at System.Threading.Tasks.TaskCompletionSourceWithCancellation`1.WaitWithCancellationAsync(CancellationToken cancellationToken)
   at System.Net.Http.HttpConnectionPool.HttpConnectionWaiter`1.WaitForConnectionWithTelemetryAsync(HttpRequestMessage request, HttpConnectionPool pool, Boolean async, CancellationToken requestCancellationToken)
   at System.Net.Http.HttpConnectionPool.SendWithVersionDetectionAndRetryAsync(HttpRequestMessage request, Boolean async, Boolean doRequestAuth, CancellationToken cancellationToken)
   at System.Net.Http.DiagnosticsHandler.SendAsyncCore(HttpRequestMessage request, Boolean async, CancellationToken cancellationToken)
   at System.Net.Http.RedirectHandler.SendAsync(HttpRequestMessage request, Boolean async, CancellationToken cancellationToken)
   at System.Net.Http.HttpClient.<SendAsync>g__Core|83_0(HttpRequestMessage request, HttpCompletionOption completionOption, CancellationTokenSource cts, Boolean disposeCts, CancellationTokenSource pendingRequestsCts, CancellationToken originalCancellationToken)
   at Consul.PutRequest`1.Execute(CancellationToken ct)
   at SplitSpend.AuthService.Infrastructure.Consul.ConsulRegistrationService.StartAsync(CancellationToken cancellationToken) in C:\Users\OWNER\Desktop\SplitSpend\SplitSpend.AuthService\src\Infrastructure\Consul\ConsulRegistrationService.cs:line 34
2026-05-31 05:59:40.786 -07:00 [WRN] CorrelationId= TraceId= UserId= ServiceName=SplitSpend.AuthService Overriding address(es) 'http://0.0.0.0:5001'. Binding to endpoints defined via IConfiguration and/or UseKestrel() instead.
2026-05-31 05:59:49.355 -07:00 [WRN] CorrelationId= TraceId= UserId= ServiceName=SplitSpend.AuthService Consumer [] error ("Local_Resolve"): GroupCoordinator: kafka:9092: Failed to resolve 'kafka:9092': No such host is known.  (after 2289ms in state CONNECT) on user.created. IsFatal(false)
2026-05-31 06:00:01.177 -07:00 [WRN] CorrelationId= TraceId= UserId= ServiceName=SplitSpend.AuthService Consumer [] error ("Local_Resolve"): GroupCoordinator: kafka:9092: Failed to resolve 'kafka:9092': No such host is known.  (after 2286ms in state CONNECT) on user.created. IsFatal(false)
2026-05-31 06:00:18.648 -07:00 [WRN] CorrelationId= TraceId= UserId= ServiceName=SplitSpend.AuthService Consumer [] error ("Local_Resolve"): GroupCoordinator: kafka:9092: Failed to resolve 'kafka:9092': No such host is known.  (after 2286ms in state CONNECT) on user.created. IsFatal(false)
2026-05-31 06:00:52.010 -07:00 [WRN] CorrelationId= TraceId= UserId= ServiceName=SplitSpend.AuthService Consumer [] error ("Local_Resolve"): GroupCoordinator: kafka:9092: Failed to resolve 'kafka:9092': No such host is known.  (after 2291ms in state CONNECT) on user.created. IsFatal(false)
2026-05-31 06:01:25.402 -07:00 [WRN] CorrelationId= TraceId= UserId= ServiceName=SplitSpend.AuthService Consumer [] error ("Local_Resolve"): GroupCoordinator: kafka:9092: Failed to resolve 'kafka:9092': No such host is known.  (after 2285ms in state CONNECT) on user.created. IsFatal(false)
2026-05-31 06:01:58.869 -07:00 [WRN] CorrelationId= TraceId= UserId= ServiceName=SplitSpend.AuthService Consumer [] error ("Local_Resolve"): GroupCoordinator: kafka:9092: Failed to resolve 'kafka:9092': No such host is known.  (after 2307ms in state CONNECT) on user.created. IsFatal(false)
2026-05-31 06:02:32.254 -07:00 [WRN] CorrelationId= TraceId= UserId= ServiceName=SplitSpend.AuthService Consumer [] error ("Local_Resolve"): GroupCoordinator: kafka:9092: Failed to resolve 'kafka:9092': No such host is known.  (after 2282ms in state CONNECT) on user.created. IsFatal(false)
2026-05-31 06:03:05.685 -07:00 [WRN] CorrelationId= TraceId= UserId= ServiceName=SplitSpend.AuthService Consumer [] error ("Local_Resolve"): GroupCoordinator: kafka:9092: Failed to resolve 'kafka:9092': No such host is known.  (after 2289ms in state CONNECT) on user.created. IsFatal(false)
2026-05-31 06:03:39.020 -07:00 [WRN] CorrelationId= TraceId= UserId= ServiceName=SplitSpend.AuthService Consumer [] error ("Local_Resolve"): GroupCoordinator: kafka:9092: Failed to resolve 'kafka:9092': No such host is known.  (after 2264ms in state CONNECT) on user.created. IsFatal(false)
2026-05-31 06:03:39.408 -07:00 [WRN] CorrelationId=28d06ae7ccc64d5ca40a3d21f4718793 TraceId=18d69dc70604c9ceba69192c7eb705b1 UserId= ServiceName=SplitSpend.AuthService Error ("Local_Resolve"): kafka:9092/1: Failed to resolve 'kafka:9092': No such host is known.  (after 2285ms in state CONNECT) on producer: rdkafka#producer-10
2026-05-31 06:03:42.715 -07:00 [WRN] CorrelationId=28d06ae7ccc64d5ca40a3d21f4718793 TraceId=18d69dc70604c9ceba69192c7eb705b1 UserId= ServiceName=SplitSpend.AuthService Error ("Local_Resolve"): kafka:9092/1: Failed to resolve 'kafka:9092': No such host is known.  (after 2298ms in state CONNECT, 1 identical error(s) suppressed) on producer: rdkafka#producer-10
2026-05-31 06:04:12.395 -07:00 [WRN] CorrelationId= TraceId= UserId= ServiceName=SplitSpend.AuthService Consumer [] error ("Local_Resolve"): GroupCoordinator: kafka:9092: Failed to resolve 'kafka:9092': No such host is known.  (after 2282ms in state CONNECT) on user.created. IsFatal(false)
2026-05-31 06:04:16.334 -07:00 [WRN] CorrelationId=28d06ae7ccc64d5ca40a3d21f4718793 TraceId=18d69dc70604c9ceba69192c7eb705b1 UserId= ServiceName=SplitSpend.AuthService Error ("Local_Resolve"): kafka:9092/1: Failed to resolve 'kafka:9092': No such host is known.  (after 2282ms in state CONNECT, 7 identical error(s) suppressed) on producer: rdkafka#producer-10
2026-05-31 06:04:45.755 -07:00 [WRN] CorrelationId= TraceId= UserId= ServiceName=SplitSpend.AuthService Consumer [] error ("Local_Resolve"): GroupCoordinator: kafka:9092: Failed to resolve 'kafka:9092': No such host is known.  (after 2279ms in state CONNECT) on user.created. IsFatal(false)
2026-05-31 06:04:55.814 -07:00 [WRN] CorrelationId=28d06ae7ccc64d5ca40a3d21f4718793 TraceId=18d69dc70604c9ceba69192c7eb705b1 UserId= ServiceName=SplitSpend.AuthService Error ("Local_Resolve"): kafka:9092/1: Failed to resolve 'kafka:9092': No such host is known.  (after 2272ms in state CONNECT, 4 identical error(s) suppressed) on producer: rdkafka#producer-10
2026-05-31 06:05:19.091 -07:00 [WRN] CorrelationId= TraceId= UserId= ServiceName=SplitSpend.AuthService Consumer [] error ("Local_Resolve"): GroupCoordinator: kafka:9092: Failed to resolve 'kafka:9092': No such host is known.  (after 2277ms in state CONNECT) on user.created. IsFatal(false)
2026-05-31 06:05:31.391 -07:00 [WRN] CorrelationId=28d06ae7ccc64d5ca40a3d21f4718793 TraceId=18d69dc70604c9ceba69192c7eb705b1 UserId= ServiceName=SplitSpend.AuthService Error ("Local_Resolve"): kafka:9092/1: Failed to resolve 'kafka:9092': No such host is known.  (after 2275ms in state CONNECT, 4 identical error(s) suppressed) on producer: rdkafka#producer-10
2026-05-31 06:05:52.464 -07:00 [WRN] CorrelationId= TraceId= UserId= ServiceName=SplitSpend.AuthService Consumer [] error ("Local_Resolve"): GroupCoordinator: kafka:9092: Failed to resolve 'kafka:9092': No such host is known.  (after 2283ms in state CONNECT) on user.created. IsFatal(false)
2026-05-31 06:06:01.433 -07:00 [WRN] CorrelationId=28d06ae7ccc64d5ca40a3d21f4718793 TraceId=18d69dc70604c9ceba69192c7eb705b1 UserId= ServiceName=SplitSpend.AuthService Error ("Local_Resolve"): kafka:9092/1: Failed to resolve 'kafka:9092': No such host is known.  (after 2291ms in state CONNECT, 3 identical error(s) suppressed) on producer: rdkafka#producer-10
2026-05-31 06:06:28.274 -07:00 [WRN] CorrelationId= TraceId= UserId= ServiceName=SplitSpend.AuthService Consumer [] error ("Local_Resolve"): GroupCoordinator: kafka:9092: Failed to resolve 'kafka:9092': No such host is known.  (after 2386ms in state CONNECT) on user.created. IsFatal(false)
2026-05-31 06:06:31.609 -07:00 [WRN] CorrelationId=28d06ae7ccc64d5ca40a3d21f4718793 TraceId=18d69dc70604c9ceba69192c7eb705b1 UserId= ServiceName=SplitSpend.AuthService Error ("Local_Resolve"): kafka:9092/1: Failed to resolve 'kafka:9092': No such host is known.  (after 2328ms in state CONNECT, 3 identical error(s) suppressed) on producer: rdkafka#producer-10
2026-05-31 06:07:02.248 -07:00 [WRN] CorrelationId= TraceId= UserId= ServiceName=SplitSpend.AuthService Consumer [] error ("Local_Resolve"): GroupCoordinator: kafka:9092: Failed to resolve 'kafka:9092': No such host is known.  (after 2282ms in state CONNECT) on user.created. IsFatal(false)
2026-05-31 06:07:07.068 -07:00 [WRN] CorrelationId=28d06ae7ccc64d5ca40a3d21f4718793 TraceId=18d69dc70604c9ceba69192c7eb705b1 UserId= ServiceName=SplitSpend.AuthService Error ("Local_Resolve"): kafka:9092/1: Failed to resolve 'kafka:9092': No such host is known.  (after 2271ms in state CONNECT, 4 identical error(s) suppressed) on producer: rdkafka#producer-10
2026-05-31 06:07:35.731 -07:00 [WRN] CorrelationId= TraceId= UserId= ServiceName=SplitSpend.AuthService Consumer [] error ("Local_Resolve"): GroupCoordinator: kafka:9092: Failed to resolve 'kafka:9092': No such host is known.  (after 2272ms in state CONNECT) on user.created. IsFatal(false)
2026-05-31 06:07:37.098 -07:00 [WRN] CorrelationId=28d06ae7ccc64d5ca40a3d21f4718793 TraceId=18d69dc70604c9ceba69192c7eb705b1 UserId= ServiceName=SplitSpend.AuthService Error ("Local_Resolve"): kafka:9092/1: Failed to resolve 'kafka:9092': No such host is known.  (after 2283ms in state CONNECT, 3 identical error(s) suppressed) on producer: rdkafka#producer-10
2026-05-31 06:08:07.119 -07:00 [WRN] CorrelationId=28d06ae7ccc64d5ca40a3d21f4718793 TraceId=18d69dc70604c9ceba69192c7eb705b1 UserId= ServiceName=SplitSpend.AuthService Error ("Local_Resolve"): kafka:9092/1: Failed to resolve 'kafka:9092': No such host is known.  (after 2290ms in state CONNECT, 3 identical error(s) suppressed) on producer: rdkafka#producer-10
2026-05-31 06:08:09.095 -07:00 [WRN] CorrelationId= TraceId= UserId= ServiceName=SplitSpend.AuthService Consumer [] error ("Local_Resolve"): GroupCoordinator: kafka:9092: Failed to resolve 'kafka:9092': No such host is known.  (after 2287ms in state CONNECT) on user.created. IsFatal(false)
2026-05-31 06:08:36.557 -07:00 [ERR] CorrelationId=28d06ae7ccc64d5ca40a3d21f4718793 TraceId=18d69dc70604c9ceba69192c7eb705b1 UserId= ServiceName=SplitSpend.AuthService S-FAULT "loopback://localhost/kafka/user.registered" "80370000-aa5c-a86d-5935-08debf1506b8" SplitSpend.AuthService.Domain.Events.UserRegisteredEvent
Confluent.Kafka.ProduceException`2[System.Byte[],System.Byte[]]: Local: Message timed out
   at Confluent.Kafka.Producer`2.ProduceAsync(TopicPartition topicPartition, Message`2 message, CancellationToken cancellationToken)
   at MassTransit.KafkaIntegration.KafkaTopicSendTransportContext`2.Send(ProducerContext producerContext, KafkaSendContext`2 sendContext) in /_/src/Transports/MassTransit.KafkaIntegration/KafkaIntegration/KafkaTopicSendTransportContext.cs:line 94
   at MassTransit.KafkaIntegration.TopicProducer`2.SendPipe.Send(ProducerContext context) in /_/src/Transports/MassTransit.KafkaIntegration/KafkaIntegration/TopicProducer.cs:line 114
2026-05-31 06:08:38.060 -07:00 [ERR] CorrelationId=28d06ae7ccc64d5ca40a3d21f4718793 TraceId=18d69dc70604c9ceba69192c7eb705b1 UserId= ServiceName=SplitSpend.AuthService Unhandled exception. CorrelationId=28d06ae7ccc64d5ca40a3d21f4718793 Path=/api/auth/register
Confluent.Kafka.ProduceException`2[System.Byte[],System.Byte[]]: Local: Message timed out
   at Confluent.Kafka.Producer`2.ProduceAsync(TopicPartition topicPartition, Message`2 message, CancellationToken cancellationToken)
   at MassTransit.KafkaIntegration.KafkaTopicSendTransportContext`2.Send(ProducerContext producerContext, KafkaSendContext`2 sendContext) in /_/src/Transports/MassTransit.KafkaIntegration/KafkaIntegration/KafkaTopicSendTransportContext.cs:line 94
   at MassTransit.KafkaIntegration.TopicProducer`2.SendPipe.Send(ProducerContext context) in /_/src/Transports/MassTransit.KafkaIntegration/KafkaIntegration/TopicProducer.cs:line 114
   at MassTransit.KafkaIntegration.TopicProducer`2.SendPipe.Send(ProducerContext context) in /_/src/Transports/MassTransit.KafkaIntegration/KafkaIntegration/TopicProducer.cs:line 132
   at MassTransit.Agents.PipeContextSupervisor`1.Send(IPipe`1 pipe, CancellationToken cancellationToken) in /_/src/MassTransit/Agents/PipeContextSupervisor.cs:line 55
   at MassTransit.Agents.PipeContextSupervisor`1.Send(IPipe`1 pipe, CancellationToken cancellationToken) in /_/src/MassTransit/Agents/PipeContextSupervisor.cs:line 61
   at MassTransit.Agents.PipeContextSupervisor`1.Send(IPipe`1 pipe, CancellationToken cancellationToken) in /_/src/MassTransit/Agents/PipeContextSupervisor.cs:line 67
   at MassTransit.Transports.HostConfigurationRetryExtensions.Retry(IHostConfiguration hostConfiguration, Func`1 factory, CancellationToken cancellationToken, CancellationToken stoppingToken) in /_/src/MassTransit/Transports/HostConfigurationRetryExtensions.cs:line 39
   at SplitSpend.AuthService.Infrastructure.Messaging.KafkaEventPublisher.PublishUserRegisteredAsync(Guid credentialId, String email, String role, String correlationId, CancellationToken ct) in C:\Users\OWNER\Desktop\SplitSpend\SplitSpend.AuthService\src\Infrastructure\Messaging\KafkaEventPublisher.cs:line 32
   at SplitSpend.AuthService.Application.Services.AuthServices.AuthService.RegisterAsync(RegisterRequest request, String correlationId, CancellationToken ct) in C:\Users\OWNER\Desktop\SplitSpend\SplitSpend.AuthService\src\Application\Services\AuthServices\AuthService.cs:line 55
   at SplitSpend.AuthService.Controllers.AuthController.Register(RegisterRequest request, String idempotencyKey, CancellationToken ct) in C:\Users\OWNER\Desktop\SplitSpend\SplitSpend.AuthService\src\Controllers\AuthController.cs:line 41
   at Microsoft.AspNetCore.Mvc.Infrastructure.ActionMethodExecutor.TaskOfIActionResultExecutor.Execute(ActionContext actionContext, IActionResultTypeMapper mapper, ObjectMethodExecutor executor, Object controller, Object[] arguments)
   at Microsoft.AspNetCore.Mvc.Infrastructure.ControllerActionInvoker.<InvokeActionMethodAsync>g__Logged|12_1(ControllerActionInvoker invoker)
   at Microsoft.AspNetCore.Mvc.Infrastructure.ControllerActionInvoker.<InvokeNextActionFilterAsync>g__Awaited|10_0(ControllerActionInvoker invoker, Task lastTask, State next, Scope scope, Object state, Boolean isCompleted)
   at Microsoft.AspNetCore.Mvc.Infrastructure.ControllerActionInvoker.Rethrow(ActionExecutedContextSealed context)
   at Microsoft.AspNetCore.Mvc.Infrastructure.ControllerActionInvoker.Next(State& next, Scope& scope, Object& state, Boolean& isCompleted)
   at Microsoft.AspNetCore.Mvc.Infrastructure.ControllerActionInvoker.<InvokeInnerFilterAsync>g__Awaited|13_0(ControllerActionInvoker invoker, Task lastTask, State next, Scope scope, Object state, Boolean isCompleted)
   at Microsoft.AspNetCore.Mvc.Infrastructure.ResourceInvoker.<InvokeFilterPipelineAsync>g__Awaited|20_0(ResourceInvoker invoker, Task lastTask, State next, Scope scope, Object state, Boolean isCompleted)
   at Microsoft.AspNetCore.Mvc.Infrastructure.ResourceInvoker.<InvokeAsync>g__Logged|17_1(ResourceInvoker invoker)
   at Microsoft.AspNetCore.Mvc.Infrastructure.ResourceInvoker.<InvokeAsync>g__Logged|17_1(ResourceInvoker invoker)
   at Microsoft.AspNetCore.Authorization.AuthorizationMiddleware.Invoke(HttpContext context)
   at Microsoft.AspNetCore.Authentication.AuthenticationMiddleware.Invoke(HttpContext context)
   at Microsoft.AspNetCore.RateLimiting.RateLimitingMiddleware.InvokeInternal(HttpContext context, EnableRateLimitingAttribute enableRateLimitingAttribute)
   at SplitSpend.AuthService.Middleware.AuthMiddleware.CorrelationIdMiddleware.InvokeAsync(HttpContext context) in C:\Users\OWNER\Desktop\SplitSpend\SplitSpend.AuthService\src\Middleware\AuthMiddleware\CorrelationIdMiddleware.cs:line 31
   at SplitSpend.AuthService.Middleware.AuthMiddleware.GlobalExceptionMiddleware.InvokeAsync(HttpContext context) in C:\Users\OWNER\Desktop\SplitSpend\SplitSpend.AuthService\src\Middleware\AuthMiddleware\GlobalExceptionMiddleware.cs:line 16
2026-05-31 06:08:42.431 -07:00 [WRN] CorrelationId= TraceId= UserId= ServiceName=SplitSpend.AuthService Consumer [] error ("Local_Resolve"): GroupCoordinator: kafka:9092: Failed to resolve 'kafka:9092': No such host is known.  (after 2280ms in state CONNECT) on user.created. IsFatal(false)
2026-05-31 06:09:15.762 -07:00 [WRN] CorrelationId= TraceId= UserId= ServiceName=SplitSpend.AuthService Consumer [] error ("Local_Resolve"): GroupCoordinator: kafka:9092: Failed to resolve 'kafka:9092': No such host is known.  (after 2279ms in state CONNECT) on user.created. IsFatal(false)
2026-05-31 06:09:49.143 -07:00 [WRN] CorrelationId= TraceId= UserId= ServiceName=SplitSpend.AuthService Consumer [] error ("Local_Resolve"): GroupCoordinator: kafka:9092: Failed to resolve 'kafka:9092': No such host is known.  (after 2283ms in state CONNECT) on user.created. IsFatal(false)
2026-05-31 06:10:22.595 -07:00 [WRN] CorrelationId= TraceId= UserId= ServiceName=SplitSpend.AuthService Consumer [] error ("Local_Resolve"): GroupCoordinator: kafka:9092: Failed to resolve 'kafka:9092': No such host is known.  (after 2281ms in state CONNECT) on user.created. IsFatal(false)
2026-05-31 06:10:55.989 -07:00 [WRN] CorrelationId= TraceId= UserId= ServiceName=SplitSpend.AuthService Consumer [] error ("Local_Resolve"): GroupCoordinator: kafka:9092: Failed to resolve 'kafka:9092': No such host is known.  (after 2290ms in state CONNECT) on user.created. IsFatal(false)
2026-05-31 06:11:29.369 -07:00 [WRN] CorrelationId= TraceId= UserId= ServiceName=SplitSpend.AuthService Consumer [] error ("Local_Resolve"): GroupCoordinator: kafka:9092: Failed to resolve 'kafka:9092': No such host is known.  (after 2284ms in state CONNECT) on user.created. IsFatal(false)
2026-05-31 06:12:02.780 -07:00 [WRN] CorrelationId= TraceId= UserId= ServiceName=SplitSpend.AuthService Consumer [] error ("Local_Resolve"): GroupCoordinator: kafka:9092: Failed to resolve 'kafka:9092': No such host is known.  (after 2297ms in state CONNECT) on user.created. IsFatal(false)
2026-05-31 06:12:36.160 -07:00 [WRN] CorrelationId= TraceId= UserId= ServiceName=SplitSpend.AuthService Consumer [] error ("Local_Resolve"): GroupCoordinator: kafka:9092: Failed to resolve 'kafka:9092': No such host is known.  (after 2279ms in state CONNECT) on user.created. IsFatal(false)
2026-05-31 06:13:09.541 -07:00 [WRN] CorrelationId= TraceId= UserId= ServiceName=SplitSpend.AuthService Consumer [] error ("Local_Resolve"): GroupCoordinator: kafka:9092: Failed to resolve 'kafka:9092': No such host is known.  (after 2296ms in state CONNECT) on user.created. IsFatal(false)
2026-05-31 06:13:42.882 -07:00 [WRN] CorrelationId= TraceId= UserId= ServiceName=SplitSpend.AuthService Consumer [] error ("Local_Resolve"): GroupCoordinator: kafka:9092: Failed to resolve 'kafka:9092': No such host is known.  (after 2288ms in state CONNECT) on user.created. IsFatal(false)
2026-05-31 06:14:16.235 -07:00 [WRN] CorrelationId= TraceId= UserId= ServiceName=SplitSpend.AuthService Consumer [] error ("Local_Resolve"): GroupCoordinator: kafka:9092: Failed to resolve 'kafka:9092': No such host is known.  (after 2295ms in state CONNECT) on user.created. IsFatal(false)
2026-05-31 06:14:49.573 -07:00 [WRN] CorrelationId= TraceId= UserId= ServiceName=SplitSpend.AuthService Consumer [] error ("Local_Resolve"): GroupCoordinator: kafka:9092: Failed to resolve 'kafka:9092': No such host is known.  (after 2296ms in state CONNECT) on user.created. IsFatal(false)
2026-05-31 06:15:22.929 -07:00 [WRN] CorrelationId= TraceId= UserId= ServiceName=SplitSpend.AuthService Consumer [] error ("Local_Resolve"): GroupCoordinator: kafka:9092: Failed to resolve 'kafka:9092': No such host is known.  (after 2285ms in state CONNECT) on user.created. IsFatal(false)
2026-05-31 06:15:53.307 -07:00 [WRN] CorrelationId=e74bf92c30e7446c95c106a51d5f252b TraceId=ac0bf5307d44d797401a99442bbeefc6 UserId= ServiceName=SplitSpend.AuthService Auth error. Status=409 Message=An account with this email already exists. CorrelationId=e74bf92c30e7446c95c106a51d5f252b
2026-05-31 06:15:56.273 -07:00 [WRN] CorrelationId= TraceId= UserId= ServiceName=SplitSpend.AuthService Consumer [] error ("Local_Resolve"): GroupCoordinator: kafka:9092: Failed to resolve 'kafka:9092': No such host is known.  (after 2295ms in state CONNECT) on user.created. IsFatal(false)
2026-05-31 06:16:29.620 -07:00 [WRN] CorrelationId= TraceId= UserId= ServiceName=SplitSpend.AuthService Consumer [] error ("Local_Resolve"): GroupCoordinator: kafka:9092: Failed to resolve 'kafka:9092': No such host is known.  (after 2284ms in state CONNECT) on user.created. IsFatal(false)
2026-05-31 06:17:02.963 -07:00 [WRN] CorrelationId= TraceId= UserId= ServiceName=SplitSpend.AuthService Consumer [] error ("Local_Resolve"): GroupCoordinator: kafka:9092: Failed to resolve 'kafka:9092': No such host is known.  (after 2286ms in state CONNECT) on user.created. IsFatal(false)
2026-05-31 06:17:36.333 -07:00 [WRN] CorrelationId= TraceId= UserId= ServiceName=SplitSpend.AuthService Consumer [] error ("Local_Resolve"): GroupCoordinator: kafka:9092: Failed to resolve 'kafka:9092': No such host is known.  (after 2278ms in state CONNECT) on user.created. IsFatal(false)
2026-05-31 06:18:09.676 -07:00 [WRN] CorrelationId= TraceId= UserId= ServiceName=SplitSpend.AuthService Consumer [] error ("Local_Resolve"): GroupCoordinator: kafka:9092: Failed to resolve 'kafka:9092': No such host is known.  (after 2272ms in state CONNECT) on user.created. IsFatal(false)
2026-05-31 06:18:43.008 -07:00 [WRN] CorrelationId= TraceId= UserId= ServiceName=SplitSpend.AuthService Consumer [] error ("Local_Resolve"): GroupCoordinator: kafka:9092: Failed to resolve 'kafka:9092': No such host is known.  (after 2272ms in state CONNECT) on user.created. IsFatal(false)
2026-05-31 06:19:16.377 -07:00 [WRN] CorrelationId= TraceId= UserId= ServiceName=SplitSpend.AuthService Consumer [] error ("Local_Resolve"): GroupCoordinator: kafka:9092: Failed to resolve 'kafka:9092': No such host is known.  (after 2287ms in state CONNECT) on user.created. IsFatal(false)
2026-05-31 06:19:55.575 -07:00 [WRN] CorrelationId= TraceId= UserId= ServiceName=SplitSpend.AuthService Consumer [] error ("Local_Resolve"): GroupCoordinator: kafka:9092: Failed to resolve 'kafka:9092': No such host is known.  (after 2294ms in state CONNECT) on user.created. IsFatal(false)
2026-05-31 06:19:55.708 -07:00 [ERR] CorrelationId= TraceId= UserId= ServiceName=SplitSpend.AuthService Failed to register Auth Service with Consul.
System.Net.Http.HttpRequestException: No such host is known. (consul:8500)
 ---> System.Net.Sockets.SocketException (11001): No such host is known.
   at System.Net.Sockets.Socket.AwaitableSocketAsyncEventArgs.ThrowException(SocketError error, CancellationToken cancellationToken)
   at System.Net.Sockets.Socket.AwaitableSocketAsyncEventArgs.System.Threading.Tasks.Sources.IValueTaskSource.GetResult(Int16 token)
   at System.Net.Sockets.Socket.<ConnectAsync>g__WaitForConnectWithCancellation|285_0(AwaitableSocketAsyncEventArgs saea, ValueTask connectTask, CancellationToken cancellationToken)
   at System.Net.Http.HttpConnectionPool.ConnectToTcpHostAsync(String host, Int32 port, HttpRequestMessage initialRequest, Boolean async, CancellationToken cancellationToken)
   --- End of inner exception stack trace ---
   at System.Net.Http.HttpConnectionPool.ConnectToTcpHostAsync(String host, Int32 port, HttpRequestMessage initialRequest, Boolean async, CancellationToken cancellationToken)
   at System.Net.Http.HttpConnectionPool.ConnectAsync(HttpRequestMessage request, Boolean async, CancellationToken cancellationToken)
   at System.Net.Http.HttpConnectionPool.CreateHttp11ConnectionAsync(HttpRequestMessage request, Boolean async, CancellationToken cancellationToken)
   at System.Net.Http.HttpConnectionPool.AddHttp11ConnectionAsync(QueueItem queueItem)
   at System.Threading.Tasks.TaskCompletionSourceWithCancellation`1.WaitWithCancellationAsync(CancellationToken cancellationToken)
   at System.Net.Http.HttpConnectionPool.SendWithVersionDetectionAndRetryAsync(HttpRequestMessage request, Boolean async, Boolean doRequestAuth, CancellationToken cancellationToken)
   at System.Net.Http.DiagnosticsHandler.SendAsyncCore(HttpRequestMessage request, Boolean async, CancellationToken cancellationToken)
   at System.Net.Http.RedirectHandler.SendAsync(HttpRequestMessage request, Boolean async, CancellationToken cancellationToken)
   at System.Net.Http.HttpClient.<SendAsync>g__Core|83_0(HttpRequestMessage request, HttpCompletionOption completionOption, CancellationTokenSource cts, Boolean disposeCts, CancellationTokenSource pendingRequestsCts, CancellationToken originalCancellationToken)
   at Consul.PutRequest`1.Execute(CancellationToken ct)
   at SplitSpend.AuthService.Infrastructure.Consul.ConsulRegistrationService.StartAsync(CancellationToken cancellationToken) in C:\Users\OWNER\Desktop\SplitSpend\SplitSpend.AuthService\src\Infrastructure\Consul\ConsulRegistrationService.cs:line 34
2026-05-31 06:19:55.810 -07:00 [WRN] CorrelationId= TraceId= UserId= ServiceName=SplitSpend.AuthService Overriding address(es) 'http://0.0.0.0:5001'. Binding to endpoints defined via IConfiguration and/or UseKestrel() instead.
2026-05-31 06:21:01.895 -07:00 [WRN] CorrelationId= TraceId= UserId= ServiceName=SplitSpend.AuthService Consumer [] error ("Local_Resolve"): GroupCoordinator: kafka:9092: Failed to resolve 'kafka:9092': No such host is known.  (after 2287ms in state CONNECT) on user.created. IsFatal(false)
2026-05-31 06:21:02.049 -07:00 [ERR] CorrelationId= TraceId= UserId= ServiceName=SplitSpend.AuthService Failed to register Auth Service with Consul.
System.Net.Http.HttpRequestException: No such host is known. (consul:8500)
 ---> System.Net.Sockets.SocketException (11001): No such host is known.
   at System.Net.Sockets.Socket.AwaitableSocketAsyncEventArgs.ThrowException(SocketError error, CancellationToken cancellationToken)
   at System.Net.Sockets.Socket.AwaitableSocketAsyncEventArgs.System.Threading.Tasks.Sources.IValueTaskSource.GetResult(Int16 token)
   at System.Net.Sockets.Socket.<ConnectAsync>g__WaitForConnectWithCancellation|285_0(AwaitableSocketAsyncEventArgs saea, ValueTask connectTask, CancellationToken cancellationToken)
   at System.Net.Http.HttpConnectionPool.ConnectToTcpHostAsync(String host, Int32 port, HttpRequestMessage initialRequest, Boolean async, CancellationToken cancellationToken)
   --- End of inner exception stack trace ---
   at System.Net.Http.HttpConnectionPool.ConnectToTcpHostAsync(String host, Int32 port, HttpRequestMessage initialRequest, Boolean async, CancellationToken cancellationToken)
   at System.Net.Http.HttpConnectionPool.ConnectAsync(HttpRequestMessage request, Boolean async, CancellationToken cancellationToken)
   at System.Net.Http.HttpConnectionPool.CreateHttp11ConnectionAsync(HttpRequestMessage request, Boolean async, CancellationToken cancellationToken)
   at System.Net.Http.HttpConnectionPool.AddHttp11ConnectionAsync(QueueItem queueItem)
   at System.Threading.Tasks.TaskCompletionSourceWithCancellation`1.WaitWithCancellationAsync(CancellationToken cancellationToken)
   at System.Net.Http.HttpConnectionPool.HttpConnectionWaiter`1.WaitForConnectionWithTelemetryAsync(HttpRequestMessage request, HttpConnectionPool pool, Boolean async, CancellationToken requestCancellationToken)
   at System.Net.Http.HttpConnectionPool.SendWithVersionDetectionAndRetryAsync(HttpRequestMessage request, Boolean async, Boolean doRequestAuth, CancellationToken cancellationToken)
   at System.Net.Http.DiagnosticsHandler.SendAsyncCore(HttpRequestMessage request, Boolean async, CancellationToken cancellationToken)
   at System.Net.Http.RedirectHandler.SendAsync(HttpRequestMessage request, Boolean async, CancellationToken cancellationToken)
   at System.Net.Http.HttpClient.<SendAsync>g__Core|83_0(HttpRequestMessage request, HttpCompletionOption completionOption, CancellationTokenSource cts, Boolean disposeCts, CancellationTokenSource pendingRequestsCts, CancellationToken originalCancellationToken)
   at Consul.PutRequest`1.Execute(CancellationToken ct)
   at SplitSpend.AuthService.Infrastructure.Consul.ConsulRegistrationService.StartAsync(CancellationToken cancellationToken) in C:\Users\OWNER\Desktop\SplitSpend\SplitSpend.AuthService\src\Infrastructure\Consul\ConsulRegistrationService.cs:line 34
2026-05-31 06:21:02.141 -07:00 [WRN] CorrelationId= TraceId= UserId= ServiceName=SplitSpend.AuthService Overriding address(es) 'http://0.0.0.0:5001'. Binding to endpoints defined via IConfiguration and/or UseKestrel() instead.
2026-05-31 06:21:11.335 -07:00 [WRN] CorrelationId= TraceId= UserId= ServiceName=SplitSpend.AuthService Consumer [] error ("Local_Resolve"): GroupCoordinator: kafka:9092: Failed to resolve 'kafka:9092': No such host is known.  (after 2280ms in state CONNECT) on user.created. IsFatal(false)
2026-05-31 06:21:23.264 -07:00 [WRN] CorrelationId= TraceId= UserId= ServiceName=SplitSpend.AuthService Consumer [] error ("Local_Resolve"): GroupCoordinator: kafka:9092: Failed to resolve 'kafka:9092': No such host is known.  (after 2294ms in state CONNECT) on user.created. IsFatal(false)
2026-05-31 06:21:41.221 -07:00 [WRN] CorrelationId= TraceId= UserId= ServiceName=SplitSpend.AuthService Consumer [] error ("Local_Resolve"): GroupCoordinator: kafka:9092: Failed to resolve 'kafka:9092': No such host is known.  (after 2291ms in state CONNECT) on user.created. IsFatal(false)
2026-05-31 06:22:09.551 -07:00 [WRN] CorrelationId= TraceId= UserId= ServiceName=SplitSpend.AuthService Consumer [] error ("Local_Resolve"): GroupCoordinator: kafka:9092: Failed to resolve 'kafka:9092': No such host is known.  (after 2293ms in state CONNECT) on user.created. IsFatal(false)
2026-05-31 06:22:42.952 -07:00 [WRN] CorrelationId= TraceId= UserId= ServiceName=SplitSpend.AuthService Consumer [] error ("Local_Resolve"): GroupCoordinator: kafka:9092: Failed to resolve 'kafka:9092': No such host is known.  (after 2294ms in state CONNECT) on user.created. IsFatal(false)
2026-05-31 06:23:16.304 -07:00 [WRN] CorrelationId= TraceId= UserId= ServiceName=SplitSpend.AuthService Consumer [] error ("Local_Resolve"): GroupCoordinator: kafka:9092: Failed to resolve 'kafka:9092': No such host is known.  (after 2279ms in state CONNECT) on user.created. IsFatal(false)
2026-05-31 06:23:49.624 -07:00 [WRN] CorrelationId= TraceId= UserId= ServiceName=SplitSpend.AuthService Consumer [] error ("Local_Resolve"): GroupCoordinator: kafka:9092: Failed to resolve 'kafka:9092': No such host is known.  (after 2279ms in state CONNECT) on user.created. IsFatal(false)
2026-05-31 06:24:22.967 -07:00 [WRN] CorrelationId= TraceId= UserId= ServiceName=SplitSpend.AuthService Consumer [] error ("Local_Resolve"): GroupCoordinator: kafka:9092: Failed to resolve 'kafka:9092': No such host is known.  (after 2291ms in state CONNECT) on user.created. IsFatal(false)
2026-05-31 06:24:56.306 -07:00 [WRN] CorrelationId= TraceId= UserId= ServiceName=SplitSpend.AuthService Consumer [] error ("Local_Resolve"): GroupCoordinator: kafka:9092: Failed to resolve 'kafka:9092': No such host is known.  (after 2287ms in state CONNECT) on user.created. IsFatal(false)
2026-05-31 06:25:29.650 -07:00 [WRN] CorrelationId= TraceId= UserId= ServiceName=SplitSpend.AuthService Consumer [] error ("Local_Resolve"): GroupCoordinator: kafka:9092: Failed to resolve 'kafka:9092': No such host is known.  (after 2275ms in state CONNECT) on user.created. IsFatal(false)
2026-05-31 06:26:03.054 -07:00 [WRN] CorrelationId= TraceId= UserId= ServiceName=SplitSpend.AuthService Consumer [] error ("Local_Resolve"): GroupCoordinator: kafka:9092: Failed to resolve 'kafka:9092': No such host is known.  (after 2291ms in state CONNECT) on user.created. IsFatal(false)
2026-05-31 06:26:36.550 -07:00 [WRN] CorrelationId= TraceId= UserId= ServiceName=SplitSpend.AuthService Consumer [] error ("Local_Resolve"): GroupCoordinator: kafka:9092: Failed to resolve 'kafka:9092': No such host is known.  (after 2288ms in state CONNECT) on user.created. IsFatal(false)
2026-05-31 06:27:09.971 -07:00 [WRN] CorrelationId= TraceId= UserId= ServiceName=SplitSpend.AuthService Consumer [] error ("Local_Resolve"): GroupCoordinator: kafka:9092: Failed to resolve 'kafka:9092': No such host is known.  (after 2267ms in state CONNECT) on user.created. IsFatal(false)
2026-05-31 06:27:43.918 -07:00 [WRN] CorrelationId= TraceId= UserId= ServiceName=SplitSpend.AuthService Consumer [] error ("Local_Resolve"): GroupCoordinator: kafka:9092: Failed to resolve 'kafka:9092': No such host is known.  (after 2284ms in state CONNECT) on user.created. IsFatal(false)
2026-05-31 06:28:17.264 -07:00 [WRN] CorrelationId= TraceId= UserId= ServiceName=SplitSpend.AuthService Consumer [] error ("Local_Resolve"): GroupCoordinator: kafka:9092: Failed to resolve 'kafka:9092': No such host is known.  (after 2287ms in state CONNECT) on user.created. IsFatal(false)
2026-05-31 06:28:50.634 -07:00 [WRN] CorrelationId= TraceId= UserId= ServiceName=SplitSpend.AuthService Consumer [] error ("Local_Resolve"): GroupCoordinator: kafka:9092: Failed to resolve 'kafka:9092': No such host is known.  (after 2270ms in state CONNECT) on user.created. IsFatal(false)
2026-05-31 06:29:23.999 -07:00 [WRN] CorrelationId= TraceId= UserId= ServiceName=SplitSpend.AuthService Consumer [] error ("Local_Resolve"): GroupCoordinator: kafka:9092: Failed to resolve 'kafka:9092': No such host is known.  (after 2290ms in state CONNECT) on user.created. IsFatal(false)
2026-05-31 06:29:57.349 -07:00 [WRN] CorrelationId= TraceId= UserId= ServiceName=SplitSpend.AuthService Consumer [] error ("Local_Resolve"): GroupCoordinator: kafka:9092: Failed to resolve 'kafka:9092': No such host is known.  (after 2292ms in state CONNECT) on user.created. IsFatal(false)
2026-05-31 06:30:30.704 -07:00 [WRN] CorrelationId= TraceId= UserId= ServiceName=SplitSpend.AuthService Consumer [] error ("Local_Resolve"): GroupCoordinator: kafka:9092: Failed to resolve 'kafka:9092': No such host is known.  (after 2283ms in state CONNECT) on user.created. IsFatal(false)
2026-05-31 06:31:04.094 -07:00 [WRN] CorrelationId= TraceId= UserId= ServiceName=SplitSpend.AuthService Consumer [] error ("Local_Resolve"): GroupCoordinator: kafka:9092: Failed to resolve 'kafka:9092': No such host is known.  (after 2288ms in state CONNECT) on user.created. IsFatal(false)
2026-05-31 06:31:37.406 -07:00 [WRN] CorrelationId= TraceId= UserId= ServiceName=SplitSpend.AuthService Consumer [] error ("Local_Resolve"): GroupCoordinator: kafka:9092: Failed to resolve 'kafka:9092': No such host is known.  (after 2274ms in state CONNECT) on user.created. IsFatal(false)
2026-05-31 06:32:10.745 -07:00 [WRN] CorrelationId= TraceId= UserId= ServiceName=SplitSpend.AuthService Consumer [] error ("Local_Resolve"): GroupCoordinator: kafka:9092: Failed to resolve 'kafka:9092': No such host is known.  (after 2282ms in state CONNECT) on user.created. IsFatal(false)
2026-05-31 06:32:44.061 -07:00 [WRN] CorrelationId= TraceId= UserId= ServiceName=SplitSpend.AuthService Consumer [] error ("Local_Resolve"): GroupCoordinator: kafka:9092: Failed to resolve 'kafka:9092': No such host is known.  (after 2272ms in state CONNECT) on user.created. IsFatal(false)
2026-05-31 06:33:17.454 -07:00 [WRN] CorrelationId= TraceId= UserId= ServiceName=SplitSpend.AuthService Consumer [] error ("Local_Resolve"): GroupCoordinator: kafka:9092: Failed to resolve 'kafka:9092': No such host is known.  (after 2300ms in state CONNECT) on user.created. IsFatal(false)
2026-05-31 06:33:50.808 -07:00 [WRN] CorrelationId= TraceId= UserId= ServiceName=SplitSpend.AuthService Consumer [] error ("Local_Resolve"): GroupCoordinator: kafka:9092: Failed to resolve 'kafka:9092': No such host is known.  (after 2286ms in state CONNECT) on user.created. IsFatal(false)
2026-05-31 06:34:02.583 -07:00 [WRN] CorrelationId= TraceId= UserId= ServiceName=SplitSpend.AuthService Consumer [] error ("Local_AllBrokersDown"): No brokers configured on user.created. IsFatal(false)
2026-05-31 06:34:02.759 -07:00 [WRN] CorrelationId= TraceId= UserId= ServiceName=SplitSpend.AuthService Overriding address(es) 'http://0.0.0.0:5001'. Binding to endpoints defined via IConfiguration and/or UseKestrel() instead.
2026-05-31 06:34:09.124 -07:00 [WRN] CorrelationId= TraceId= UserId= ServiceName=SplitSpend.AuthService Consumer [] error ("Local_AllBrokersDown"): No brokers configured on user.created. IsFatal(false)
2026-05-31 06:34:18.862 -07:00 [WRN] CorrelationId= TraceId= UserId= ServiceName=SplitSpend.AuthService Consumer [] error ("Local_AllBrokersDown"): No brokers configured on user.created. IsFatal(false)
2026-05-31 06:34:34.149 -07:00 [WRN] CorrelationId= TraceId= UserId= ServiceName=SplitSpend.AuthService Consumer [] error ("Local_AllBrokersDown"): No brokers configured on user.created. IsFatal(false)
2026-05-31 06:35:04.674 -07:00 [WRN] CorrelationId= TraceId= UserId= ServiceName=SplitSpend.AuthService Consumer [] error ("Local_AllBrokersDown"): No brokers configured on user.created. IsFatal(false)
2026-05-31 06:35:35.727 -07:00 [WRN] CorrelationId= TraceId= UserId= ServiceName=SplitSpend.AuthService Consumer [] error ("Local_AllBrokersDown"): No brokers configured on user.created. IsFatal(false)
2026-05-31 06:36:06.747 -07:00 [WRN] CorrelationId= TraceId= UserId= ServiceName=SplitSpend.AuthService Consumer [] error ("Local_AllBrokersDown"): No brokers configured on user.created. IsFatal(false)
2026-05-31 06:36:37.785 -07:00 [WRN] CorrelationId= TraceId= UserId= ServiceName=SplitSpend.AuthService Consumer [] error ("Local_AllBrokersDown"): No brokers configured on user.created. IsFatal(false)
2026-05-31 06:37:08.827 -07:00 [WRN] CorrelationId= TraceId= UserId= ServiceName=SplitSpend.AuthService Consumer [] error ("Local_AllBrokersDown"): No brokers configured on user.created. IsFatal(false)
2026-05-31 06:37:39.881 -07:00 [WRN] CorrelationId= TraceId= UserId= ServiceName=SplitSpend.AuthService Consumer [] error ("Local_AllBrokersDown"): No brokers configured on user.created. IsFatal(false)
2026-05-31 06:38:10.916 -07:00 [WRN] CorrelationId= TraceId= UserId= ServiceName=SplitSpend.AuthService Consumer [] error ("Local_AllBrokersDown"): No brokers configured on user.created. IsFatal(false)
2026-05-31 06:38:41.985 -07:00 [WRN] CorrelationId= TraceId= UserId= ServiceName=SplitSpend.AuthService Consumer [] error ("Local_AllBrokersDown"): No brokers configured on user.created. IsFatal(false)
2026-05-31 06:39:13.016 -07:00 [WRN] CorrelationId= TraceId= UserId= ServiceName=SplitSpend.AuthService Consumer [] error ("Local_AllBrokersDown"): No brokers configured on user.created. IsFatal(false)
2026-05-31 06:39:44.055 -07:00 [WRN] CorrelationId= TraceId= UserId= ServiceName=SplitSpend.AuthService Consumer [] error ("Local_AllBrokersDown"): No brokers configured on user.created. IsFatal(false)
2026-05-31 06:40:15.093 -07:00 [WRN] CorrelationId= TraceId= UserId= ServiceName=SplitSpend.AuthService Consumer [] error ("Local_AllBrokersDown"): No brokers configured on user.created. IsFatal(false)
2026-05-31 06:40:46.129 -07:00 [WRN] CorrelationId= TraceId= UserId= ServiceName=SplitSpend.AuthService Consumer [] error ("Local_AllBrokersDown"): No brokers configured on user.created. IsFatal(false)
2026-05-31 06:41:17.181 -07:00 [WRN] CorrelationId= TraceId= UserId= ServiceName=SplitSpend.AuthService Consumer [] error ("Local_AllBrokersDown"): No brokers configured on user.created. IsFatal(false)
2026-05-31 06:41:48.213 -07:00 [WRN] CorrelationId= TraceId= UserId= ServiceName=SplitSpend.AuthService Consumer [] error ("Local_AllBrokersDown"): No brokers configured on user.created. IsFatal(false)
2026-05-31 06:42:19.230 -07:00 [WRN] CorrelationId= TraceId= UserId= ServiceName=SplitSpend.AuthService Consumer [] error ("Local_AllBrokersDown"): No brokers configured on user.created. IsFatal(false)
2026-05-31 06:42:50.266 -07:00 [WRN] CorrelationId= TraceId= UserId= ServiceName=SplitSpend.AuthService Consumer [] error ("Local_AllBrokersDown"): No brokers configured on user.created. IsFatal(false)
2026-05-31 06:43:21.289 -07:00 [WRN] CorrelationId= TraceId= UserId= ServiceName=SplitSpend.AuthService Consumer [] error ("Local_AllBrokersDown"): No brokers configured on user.created. IsFatal(false)
2026-05-31 06:43:52.323 -07:00 [WRN] CorrelationId= TraceId= UserId= ServiceName=SplitSpend.AuthService Consumer [] error ("Local_AllBrokersDown"): No brokers configured on user.created. IsFatal(false)
2026-05-31 06:44:23.341 -07:00 [WRN] CorrelationId= TraceId= UserId= ServiceName=SplitSpend.AuthService Consumer [] error ("Local_AllBrokersDown"): No brokers configured on user.created. IsFatal(false)
2026-05-31 06:44:54.374 -07:00 [WRN] CorrelationId= TraceId= UserId= ServiceName=SplitSpend.AuthService Consumer [] error ("Local_AllBrokersDown"): No brokers configured on user.created. IsFatal(false)
2026-05-31 06:45:25.415 -07:00 [WRN] CorrelationId= TraceId= UserId= ServiceName=SplitSpend.AuthService Consumer [] error ("Local_AllBrokersDown"): No brokers configured on user.created. IsFatal(false)
2026-05-31 06:45:56.447 -07:00 [WRN] CorrelationId= TraceId= UserId= ServiceName=SplitSpend.AuthService Consumer [] error ("Local_AllBrokersDown"): No brokers configured on user.created. IsFatal(false)
2026-05-31 06:46:27.474 -07:00 [WRN] CorrelationId= TraceId= UserId= ServiceName=SplitSpend.AuthService Consumer [] error ("Local_AllBrokersDown"): No brokers configured on user.created. IsFatal(false)
2026-05-31 06:46:58.512 -07:00 [WRN] CorrelationId= TraceId= UserId= ServiceName=SplitSpend.AuthService Consumer [] error ("Local_AllBrokersDown"): No brokers configured on user.created. IsFatal(false)
2026-05-31 06:47:29.534 -07:00 [WRN] CorrelationId= TraceId= UserId= ServiceName=SplitSpend.AuthService Consumer [] error ("Local_AllBrokersDown"): No brokers configured on user.created. IsFatal(false)
2026-05-31 06:48:00.555 -07:00 [WRN] CorrelationId= TraceId= UserId= ServiceName=SplitSpend.AuthService Consumer [] error ("Local_AllBrokersDown"): No brokers configured on user.created. IsFatal(false)
2026-05-31 06:48:31.587 -07:00 [WRN] CorrelationId= TraceId= UserId= ServiceName=SplitSpend.AuthService Consumer [] error ("Local_AllBrokersDown"): No brokers configured on user.created. IsFatal(false)
2026-05-31 06:49:02.622 -07:00 [WRN] CorrelationId= TraceId= UserId= ServiceName=SplitSpend.AuthService Consumer [] error ("Local_AllBrokersDown"): No brokers configured on user.created. IsFatal(false)
2026-05-31 06:49:33.644 -07:00 [WRN] CorrelationId= TraceId= UserId= ServiceName=SplitSpend.AuthService Consumer [] error ("Local_AllBrokersDown"): No brokers configured on user.created. IsFatal(false)
2026-05-31 06:50:04.677 -07:00 [WRN] CorrelationId= TraceId= UserId= ServiceName=SplitSpend.AuthService Consumer [] error ("Local_AllBrokersDown"): No brokers configured on user.created. IsFatal(false)
2026-05-31 06:50:35.706 -07:00 [WRN] CorrelationId= TraceId= UserId= ServiceName=SplitSpend.AuthService Consumer [] error ("Local_AllBrokersDown"): No brokers configured on user.created. IsFatal(false)
2026-05-31 06:51:06.747 -07:00 [WRN] CorrelationId= TraceId= UserId= ServiceName=SplitSpend.AuthService Consumer [] error ("Local_AllBrokersDown"): No brokers configured on user.created. IsFatal(false)
2026-05-31 06:51:37.777 -07:00 [WRN] CorrelationId= TraceId= UserId= ServiceName=SplitSpend.AuthService Consumer [] error ("Local_AllBrokersDown"): No brokers configured on user.created. IsFatal(false)
2026-05-31 06:52:08.811 -07:00 [WRN] CorrelationId= TraceId= UserId= ServiceName=SplitSpend.AuthService Consumer [] error ("Local_AllBrokersDown"): No brokers configured on user.created. IsFatal(false)
2026-05-31 06:52:39.853 -07:00 [WRN] CorrelationId= TraceId= UserId= ServiceName=SplitSpend.AuthService Consumer [] error ("Local_AllBrokersDown"): No brokers configured on user.created. IsFatal(false)
2026-05-31 06:53:10.894 -07:00 [WRN] CorrelationId= TraceId= UserId= ServiceName=SplitSpend.AuthService Consumer [] error ("Local_AllBrokersDown"): No brokers configured on user.created. IsFatal(false)
2026-05-31 06:53:41.955 -07:00 [WRN] CorrelationId= TraceId= UserId= ServiceName=SplitSpend.AuthService Consumer [] error ("Local_AllBrokersDown"): No brokers configured on user.created. IsFatal(false)
2026-05-31 06:54:13.019 -07:00 [WRN] CorrelationId= TraceId= UserId= ServiceName=SplitSpend.AuthService Consumer [] error ("Local_AllBrokersDown"): No brokers configured on user.created. IsFatal(false)
2026-05-31 06:54:44.046 -07:00 [WRN] CorrelationId= TraceId= UserId= ServiceName=SplitSpend.AuthService Consumer [] error ("Local_AllBrokersDown"): No brokers configured on user.created. IsFatal(false)
2026-05-31 06:55:15.090 -07:00 [WRN] CorrelationId= TraceId= UserId= ServiceName=SplitSpend.AuthService Consumer [] error ("Local_AllBrokersDown"): No brokers configured on user.created. IsFatal(false)
2026-05-31 06:55:46.120 -07:00 [WRN] CorrelationId= TraceId= UserId= ServiceName=SplitSpend.AuthService Consumer [] error ("Local_AllBrokersDown"): No brokers configured on user.created. IsFatal(false)
2026-05-31 06:56:17.166 -07:00 [WRN] CorrelationId= TraceId= UserId= ServiceName=SplitSpend.AuthService Consumer [] error ("Local_AllBrokersDown"): No brokers configured on user.created. IsFatal(false)
2026-05-31 06:56:48.198 -07:00 [WRN] CorrelationId= TraceId= UserId= ServiceName=SplitSpend.AuthService Consumer [] error ("Local_AllBrokersDown"): No brokers configured on user.created. IsFatal(false)
2026-05-31 06:57:19.237 -07:00 [WRN] CorrelationId= TraceId= UserId= ServiceName=SplitSpend.AuthService Consumer [] error ("Local_AllBrokersDown"): No brokers configured on user.created. IsFatal(false)
2026-05-31 06:57:50.261 -07:00 [WRN] CorrelationId= TraceId= UserId= ServiceName=SplitSpend.AuthService Consumer [] error ("Local_AllBrokersDown"): No brokers configured on user.created. IsFatal(false)
2026-05-31 06:58:21.307 -07:00 [WRN] CorrelationId= TraceId= UserId= ServiceName=SplitSpend.AuthService Consumer [] error ("Local_AllBrokersDown"): No brokers configured on user.created. IsFatal(false)
2026-05-31 06:58:52.353 -07:00 [WRN] CorrelationId= TraceId= UserId= ServiceName=SplitSpend.AuthService Consumer [] error ("Local_AllBrokersDown"): No brokers configured on user.created. IsFatal(false)
2026-05-31 06:59:23.394 -07:00 [WRN] CorrelationId= TraceId= UserId= ServiceName=SplitSpend.AuthService Consumer [] error ("Local_AllBrokersDown"): No brokers configured on user.created. IsFatal(false)
2026-05-31 06:59:54.416 -07:00 [WRN] CorrelationId= TraceId= UserId= ServiceName=SplitSpend.AuthService Consumer [] error ("Local_AllBrokersDown"): No brokers configured on user.created. IsFatal(false)
2026-05-31 07:00:25.467 -07:00 [WRN] CorrelationId= TraceId= UserId= ServiceName=SplitSpend.AuthService Consumer [] error ("Local_AllBrokersDown"): No brokers configured on user.created. IsFatal(false)
2026-05-31 07:00:56.515 -07:00 [WRN] CorrelationId= TraceId= UserId= ServiceName=SplitSpend.AuthService Consumer [] error ("Local_AllBrokersDown"): No brokers configured on user.created. IsFatal(false)
2026-05-31 07:01:27.562 -07:00 [WRN] CorrelationId= TraceId= UserId= ServiceName=SplitSpend.AuthService Consumer [] error ("Local_AllBrokersDown"): No brokers configured on user.created. IsFatal(false)
2026-05-31 07:01:58.618 -07:00 [WRN] CorrelationId= TraceId= UserId= ServiceName=SplitSpend.AuthService Consumer [] error ("Local_AllBrokersDown"): No brokers configured on user.created. IsFatal(false)
2026-05-31 07:02:29.656 -07:00 [WRN] CorrelationId= TraceId= UserId= ServiceName=SplitSpend.AuthService Consumer [] error ("Local_AllBrokersDown"): No brokers configured on user.created. IsFatal(false)
2026-05-31 07:03:00.686 -07:00 [WRN] CorrelationId= TraceId= UserId= ServiceName=SplitSpend.AuthService Consumer [] error ("Local_AllBrokersDown"): No brokers configured on user.created. IsFatal(false)
2026-05-31 07:03:31.727 -07:00 [WRN] CorrelationId= TraceId= UserId= ServiceName=SplitSpend.AuthService Consumer [] error ("Local_AllBrokersDown"): No brokers configured on user.created. IsFatal(false)
2026-05-31 07:04:02.765 -07:00 [WRN] CorrelationId= TraceId= UserId= ServiceName=SplitSpend.AuthService Consumer [] error ("Local_AllBrokersDown"): No brokers configured on user.created. IsFatal(false)
2026-05-31 07:04:33.787 -07:00 [WRN] CorrelationId= TraceId= UserId= ServiceName=SplitSpend.AuthService Consumer [] error ("Local_AllBrokersDown"): No brokers configured on user.created. IsFatal(false)
2026-05-31 07:05:04.827 -07:00 [WRN] CorrelationId= TraceId= UserId= ServiceName=SplitSpend.AuthService Consumer [] error ("Local_AllBrokersDown"): No brokers configured on user.created. IsFatal(false)
2026-05-31 07:05:35.857 -07:00 [WRN] CorrelationId= TraceId= UserId= ServiceName=SplitSpend.AuthService Consumer [] error ("Local_AllBrokersDown"): No brokers configured on user.created. IsFatal(false)
2026-05-31 07:06:06.906 -07:00 [WRN] CorrelationId= TraceId= UserId= ServiceName=SplitSpend.AuthService Consumer [] error ("Local_AllBrokersDown"): No brokers configured on user.created. IsFatal(false)
2026-05-31 07:06:37.952 -07:00 [WRN] CorrelationId= TraceId= UserId= ServiceName=SplitSpend.AuthService Consumer [] error ("Local_AllBrokersDown"): No brokers configured on user.created. IsFatal(false)
2026-05-31 07:07:08.988 -07:00 [WRN] CorrelationId= TraceId= UserId= ServiceName=SplitSpend.AuthService Consumer [] error ("Local_AllBrokersDown"): No brokers configured on user.created. IsFatal(false)
2026-05-31 07:07:40.015 -07:00 [WRN] CorrelationId= TraceId= UserId= ServiceName=SplitSpend.AuthService Consumer [] error ("Local_AllBrokersDown"): No brokers configured on user.created. IsFatal(false)
2026-05-31 07:08:11.060 -07:00 [WRN] CorrelationId= TraceId= UserId= ServiceName=SplitSpend.AuthService Consumer [] error ("Local_AllBrokersDown"): No brokers configured on user.created. IsFatal(false)
2026-05-31 07:08:42.094 -07:00 [WRN] CorrelationId= TraceId= UserId= ServiceName=SplitSpend.AuthService Consumer [] error ("Local_AllBrokersDown"): No brokers configured on user.created. IsFatal(false)
2026-05-31 07:09:13.147 -07:00 [WRN] CorrelationId= TraceId= UserId= ServiceName=SplitSpend.AuthService Consumer [] error ("Local_AllBrokersDown"): No brokers configured on user.created. IsFatal(false)
2026-05-31 07:09:44.166 -07:00 [WRN] CorrelationId= TraceId= UserId= ServiceName=SplitSpend.AuthService Consumer [] error ("Local_AllBrokersDown"): No brokers configured on user.created. IsFatal(false)
2026-05-31 07:10:15.224 -07:00 [WRN] CorrelationId= TraceId= UserId= ServiceName=SplitSpend.AuthService Consumer [] error ("Local_AllBrokersDown"): No brokers configured on user.created. IsFatal(false)
2026-05-31 07:10:46.253 -07:00 [WRN] CorrelationId= TraceId= UserId= ServiceName=SplitSpend.AuthService Consumer [] error ("Local_AllBrokersDown"): No brokers configured on user.created. IsFatal(false)
2026-05-31 07:11:17.287 -07:00 [WRN] CorrelationId= TraceId= UserId= ServiceName=SplitSpend.AuthService Consumer [] error ("Local_AllBrokersDown"): No brokers configured on user.created. IsFatal(false)
