2026-05-18 04:32:03.781 -07:00 [ERR] CorrelationId= TraceId= UserId= ServiceName=SplitSpend.AuthService Failed to apply database migrations.
Microsoft.Data.SqlClient.SqlException (0x80131904): A network-related or instance-specific error occurred while establishing a connection to SQL Server. The server was not found or was not accessible. Verify that the instance name is correct and that SQL Server is configured to allow remote connections. (provider: TCP Provider, error: 0 - The wait operation timed out.)
 ---> System.ComponentModel.Win32Exception (258): The wait operation timed out.
   at Microsoft.Data.SqlClient.SqlInternalConnection.OnError(SqlException exception, Boolean breakConnection, Action`1 wrapCloseInAction)
   at Microsoft.Data.SqlClient.TdsParser.ThrowExceptionAndWarning(TdsParserStateObject stateObj, SqlCommand command, Boolean callerHasConnectionLock, Boolean asyncClose)
   at Microsoft.Data.SqlClient.TdsParser.Connect(ServerInfo serverInfo, SqlInternalConnectionTds connHandler, TimeoutTimer timeout, SqlConnectionString connectionOptions, Boolean withFailover)
   at Microsoft.Data.SqlClient.SqlInternalConnectionTds.AttemptOneLogin(ServerInfo serverInfo, String newPassword, SecureString newSecurePassword, TimeoutTimer timeout, Boolean withFailover)
   at Microsoft.Data.SqlClient.SqlInternalConnectionTds.LoginNoFailover(ServerInfo serverInfo, String newPassword, SecureString newSecurePassword, Boolean redirectedUserInstance, SqlConnectionString connectionOptions, SqlCredential credential, TimeoutTimer timeout)
   at Microsoft.Data.SqlClient.SqlInternalConnectionTds.OpenLoginEnlist(TimeoutTimer timeout, SqlConnectionString connectionOptions, SqlCredential credential, String newPassword, SecureString newSecurePassword, Boolean redirectedUserInstance)
   at Microsoft.Data.SqlClient.SqlInternalConnectionTds..ctor(DbConnectionPoolIdentity identity, SqlConnectionString connectionOptions, SqlCredential credential, Object providerInfo, String newPassword, SecureString newSecurePassword, Boolean redirectedUserInstance, SqlConnectionString userConnectionOptions, SessionData reconnectSessionData, Boolean applyTransientFaultHandling, String accessToken, DbConnectionPool pool, Func`3 accessTokenCallback)
   at Microsoft.Data.SqlClient.SqlConnectionFactory.CreateConnection(DbConnectionOptions options, DbConnectionPoolKey poolKey, Object poolGroupProviderInfo, DbConnectionPool pool, DbConnection owningConnection, DbConnectionOptions userOptions)
   at Microsoft.Data.ProviderBase.DbConnectionFactory.CreatePooledConnection(DbConnectionPool pool, DbConnection owningObject, DbConnectionOptions options, DbConnectionPoolKey poolKey, DbConnectionOptions userOptions)
   at Microsoft.Data.ProviderBase.DbConnectionPool.CreateObject(DbConnection owningObject, DbConnectionOptions userOptions, DbConnectionInternal oldConnection)
   at Microsoft.Data.ProviderBase.DbConnectionPool.UserCreateRequest(DbConnection owningObject, DbConnectionOptions userOptions, DbConnectionInternal oldConnection)
   at Microsoft.Data.ProviderBase.DbConnectionPool.TryGetConnection(DbConnection owningObject, UInt32 waitForMultipleObjectsTimeout, Boolean allowCreate, Boolean onlyOneCheckConnection, DbConnectionOptions userOptions, DbConnectionInternal& connection)
   at Microsoft.Data.ProviderBase.DbConnectionPool.WaitForPendingOpen()
--- End of stack trace from previous location ---
   at Microsoft.EntityFrameworkCore.Storage.RelationalConnection.OpenInternalAsync(Boolean errorsExpected, CancellationToken cancellationToken)
   at Microsoft.EntityFrameworkCore.Storage.RelationalConnection.OpenInternalAsync(Boolean errorsExpected, CancellationToken cancellationToken)
   at Microsoft.EntityFrameworkCore.Storage.RelationalConnection.OpenAsync(CancellationToken cancellationToken, Boolean errorsExpected)
   at Microsoft.EntityFrameworkCore.SqlServer.Storage.Internal.SqlServerDatabaseCreator.<>c__DisplayClass20_0.<<ExistsAsync>b__0>d.MoveNext()
--- End of stack trace from previous location ---
   at Microsoft.EntityFrameworkCore.SqlServer.Storage.Internal.SqlServerDatabaseCreator.<>c__DisplayClass20_0.<<ExistsAsync>b__0>d.MoveNext()
--- End of stack trace from previous location ---
   at Microsoft.EntityFrameworkCore.SqlServer.Storage.Internal.SqlServerDatabaseCreator.<>c__DisplayClass20_0.<<ExistsAsync>b__0>d.MoveNext()
--- End of stack trace from previous location ---
   at Microsoft.EntityFrameworkCore.Storage.ExecutionStrategy.<>c__DisplayClass30_0`2.<<ExecuteAsync>b__0>d.MoveNext()
--- End of stack trace from previous location ---
   at Microsoft.EntityFrameworkCore.Storage.ExecutionStrategy.ExecuteImplementationAsync[TState,TResult](Func`4 operation, Func`4 verifySucceeded, TState state, CancellationToken cancellationToken)
   at Microsoft.EntityFrameworkCore.Storage.ExecutionStrategy.ExecuteImplementationAsync[TState,TResult](Func`4 operation, Func`4 verifySucceeded, TState state, CancellationToken cancellationToken)
   at Microsoft.EntityFrameworkCore.Storage.ExecutionStrategy.ExecuteAsync[TState,TResult](TState state, Func`4 operation, Func`4 verifySucceeded, CancellationToken cancellationToken)
   at Microsoft.EntityFrameworkCore.Migrations.HistoryRepository.ExistsAsync(CancellationToken cancellationToken)
   at Microsoft.EntityFrameworkCore.Migrations.Internal.Migrator.MigrateAsync(String targetMigration, CancellationToken cancellationToken)
   at SplitSpend.AuthService.Extensions.ServiceExtensions.MigrateDatabaseAsync(WebApplication app) in C:\Users\OWNER\Desktop\SplitSpend\SplitSpend.AuthService\src\Extensions\ServiceExtensions.cs:line 379
ClientConnectionId:00000000-0000-0000-0000-000000000000
Error Number:258,State:0,Class:20
2026-05-18 04:43:51.650 -07:00 [ERR] CorrelationId= TraceId= UserId= ServiceName=SplitSpend.AuthService Hosting failed to start
System.InvalidOperationException: Connection String Error: Connection string doesn't have value for keyword 'REPLACE_WITH_APP_INSIGHTS_CONNECTION_STRING'.
 ---> System.InvalidOperationException: Connection string doesn't have value for keyword 'REPLACE_WITH_APP_INSIGHTS_CONNECTION_STRING'.
   at Azure.Core.ConnectionString.Validate(String connectionString, String segmentSeparator, String keywordValueSeparator, Boolean allowEmptyValues)
   at Azure.Core.ConnectionString.Parse(String connectionString, String segmentSeparator, String keywordValueSeparator, Boolean allowEmptyValues)
   at Azure.Monitor.OpenTelemetry.Exporter.Internals.ConnectionString.ConnectionStringParser.GetValues(String connectionString)
   --- End of inner exception stack trace ---
   at Azure.Monitor.OpenTelemetry.Exporter.Internals.ConnectionString.ConnectionStringParser.GetValues(String connectionString)
   at Azure.Monitor.OpenTelemetry.Exporter.Internals.AzureMonitorTransmitter.InitializeConnectionVars(AzureMonitorExporterOptions options, IPlatform platform)
   at Azure.Monitor.OpenTelemetry.Exporter.Internals.AzureMonitorTransmitter..ctor(AzureMonitorExporterOptions options, IPlatform platform)
   at Azure.Monitor.OpenTelemetry.Exporter.Internals.TransmitterFactory.Get(AzureMonitorExporterOptions azureMonitorExporterOptions)
   at Azure.Monitor.OpenTelemetry.Exporter.AzureMonitorMetricExporter..ctor(AzureMonitorExporterOptions options)
   at Azure.Monitor.OpenTelemetry.Exporter.AzureMonitorExporterExtensions.<>c__DisplayClass0_0.<AddAzureMonitorTraceExporter>b__1(IServiceProvider sp, TracerProviderBuilder builder)
   at OpenTelemetry.Trace.OpenTelemetryDependencyInjectionTracingServiceCollectionExtensions.ConfigureTracerProviderBuilderCallbackWrapper.ConfigureBuilder(IServiceProvider serviceProvider, TracerProviderBuilder tracerProviderBuilder)
   at OpenTelemetry.Trace.TracerProviderSdk..ctor(IServiceProvider serviceProvider, Boolean ownsServiceProvider)
   at OpenTelemetry.Trace.TracerProviderBuilderBase.<>c.<.ctor>b__3_0(IServiceProvider sp)
   at Microsoft.Extensions.DependencyInjection.ServiceLookup.CallSiteRuntimeResolver.VisitFactory(FactoryCallSite factoryCallSite, RuntimeResolverContext context)
   at Microsoft.Extensions.DependencyInjection.ServiceLookup.CallSiteVisitor`2.VisitCallSiteMain(ServiceCallSite callSite, TArgument argument)
   at Microsoft.Extensions.DependencyInjection.ServiceLookup.CallSiteRuntimeResolver.VisitRootCache(ServiceCallSite callSite, RuntimeResolverContext context)
   at Microsoft.Extensions.DependencyInjection.ServiceLookup.CallSiteVisitor`2.VisitCallSite(ServiceCallSite callSite, TArgument argument)
   at Microsoft.Extensions.DependencyInjection.ServiceLookup.CallSiteRuntimeResolver.Resolve(ServiceCallSite callSite, ServiceProviderEngineScope scope)
   at Microsoft.Extensions.DependencyInjection.ServiceProvider.CreateServiceAccessor(ServiceIdentifier serviceIdentifier)
   at System.Collections.Concurrent.ConcurrentDictionary`2.GetOrAdd(TKey key, Func`2 valueFactory)
   at Microsoft.Extensions.DependencyInjection.ServiceProvider.GetService(ServiceIdentifier serviceIdentifier, ServiceProviderEngineScope serviceProviderEngineScope)
   at Microsoft.Extensions.DependencyInjection.ServiceLookup.ServiceProviderEngineScope.GetService(Type serviceType)
   at Microsoft.Extensions.DependencyInjection.ServiceProviderServiceExtensions.GetService[T](IServiceProvider provider)
   at OpenTelemetry.Extensions.Hosting.Implementation.TelemetryHostedService.Initialize(IServiceProvider serviceProvider)
   at OpenTelemetry.Extensions.Hosting.Implementation.TelemetryHostedService.StartAsync(CancellationToken cancellationToken)
   at Microsoft.Extensions.Hosting.Internal.Host.<StartAsync>b__15_1(IHostedService service, CancellationToken token)
   at Microsoft.Extensions.Hosting.Internal.Host.ForeachService[T](IEnumerable`1 services, CancellationToken token, Boolean concurrent, Boolean abortOnFirstException, List`1 exceptions, Func`3 operation)
2026-05-18 04:43:51.736 -07:00 [WRN] CorrelationId= TraceId= UserId= ServiceName=SplitSpend.AuthService Failed to stop bus: "loopback://localhost/DESKTOP345JCKT_SplitSpendAuthService_bus_3buoyyfy35tm5c5zbdxmjwi5yw" (Not Started)
2026-05-18 04:54:34.392 -07:00 [WRN] CorrelationId= TraceId= UserId= ServiceName=SplitSpend.AuthService Consumer [] error ("Local_Transport"): localhost:9092/bootstrap: Connect to ipv4#127.0.0.1:9092 failed: Unknown error (after 2039ms in state CONNECT) on user.created. IsFatal(false)
2026-05-18 04:54:36.677 -07:00 [ERR] CorrelationId= TraceId= UserId= ServiceName=SplitSpend.AuthService Failed to register Auth Service with Consul.
System.Net.Http.HttpRequestException: No connection could be made because the target machine actively refused it. (localhost:8500)
 ---> System.Net.Sockets.SocketException (10061): No connection could be made because the target machine actively refused it.
   at System.Net.Sockets.Socket.AwaitableSocketAsyncEventArgs.ThrowException(SocketError error, CancellationToken cancellationToken)
   at System.Net.Sockets.Socket.AwaitableSocketAsyncEventArgs.System.Threading.Tasks.Sources.IValueTaskSource.GetResult(Int16 token)
   at System.Net.Sockets.Socket.<ConnectAsync>g__WaitForConnectWithCancellation|285_0(AwaitableSocketAsyncEventArgs saea, ValueTask connectTask, CancellationToken cancellationToken)
   at System.Net.Http.HttpConnectionPool.ConnectToTcpHostAsync(String host, Int32 port, HttpRequestMessage initialRequest, Boolean async, CancellationToken cancellationToken)
   --- End of inner exception stack trace ---
   at System.Net.Http.HttpConnectionPool.ConnectToTcpHostAsync(String host, Int32 port, HttpRequestMessage initialRequest, Boolean async, CancellationToken cancellationToken)
   at System.Net.Http.HttpConnectionPool.ConnectAsync(HttpRequestMessage request, Boolean async, CancellationToken cancellationToken)
   at System.Net.Http.HttpConnectionPool.CreateHttp11ConnectionAsync(HttpRequestMessage request, Boolean async, CancellationToken cancellationToken)
   at System.Net.Http.HttpConnectionPool.AddHttp11ConnectionAsync(QueueItem queueItem)
   at System.Threading.Tasks.TaskCompletionSourceWithCancellation`1.WaitWithCancellationAsync(CancellationToken cancellationToken)
   at System.Net.Http.HttpConnectionPool.HttpConnectionWaiter`1.WaitForConnectionWithTelemetryAsync(HttpRequestMessage request, HttpConnectionPool pool, Boolean async, CancellationToken requestCancellationToken)
   at System.Net.Http.HttpConnectionPool.SendWithVersionDetectionAndRetryAsync(HttpRequestMessage request, Boolean async, Boolean doRequestAuth, CancellationToken cancellationToken)
   at System.Net.Http.DiagnosticsHandler.SendAsyncCore(HttpRequestMessage request, Boolean async, CancellationToken cancellationToken)
   at System.Net.Http.RedirectHandler.SendAsync(HttpRequestMessage request, Boolean async, CancellationToken cancellationToken)
   at System.Net.Http.HttpClient.<SendAsync>g__Core|83_0(HttpRequestMessage request, HttpCompletionOption completionOption, CancellationTokenSource cts, Boolean disposeCts, CancellationTokenSource pendingRequestsCts, CancellationToken originalCancellationToken)
   at Consul.PutRequest`1.Execute(CancellationToken ct)
   at SplitSpend.AuthService.Infrastructure.Consul.ConsulRegistrationService.StartAsync(CancellationToken cancellationToken) in C:\Users\OWNER\Desktop\SplitSpend\SplitSpend.AuthService\src\Infrastructure\Consul\ConsulRegistrationService.cs:line 34
2026-05-18 04:54:36.874 -07:00 [WRN] CorrelationId= TraceId= UserId= ServiceName=SplitSpend.AuthService Overriding address(es) 'http://0.0.0.0:5001'. Binding to endpoints defined via IConfiguration and/or UseKestrel() instead.
2026-05-18 04:54:44.083 -07:00 [WRN] CorrelationId= TraceId= UserId= ServiceName=SplitSpend.AuthService Consumer [] error ("Local_Transport"): localhost:9092/bootstrap: Connect to ipv4#127.0.0.1:9092 failed: Unknown error (after 2056ms in state CONNECT) on user.created. IsFatal(false)
2026-05-18 04:54:56.787 -07:00 [WRN] CorrelationId= TraceId= UserId= ServiceName=SplitSpend.AuthService Consumer [] error ("Local_Transport"): localhost:9092/bootstrap: Connect to ipv4#127.0.0.1:9092 failed: Unknown error (after 2174ms in state CONNECT) on user.created. IsFatal(false)
2026-05-18 04:55:14.081 -07:00 [WRN] CorrelationId= TraceId= UserId= ServiceName=SplitSpend.AuthService Consumer [] error ("Local_Transport"): localhost:9092/bootstrap: Connect to ipv4#127.0.0.1:9092 failed: Unknown error (after 2047ms in state CONNECT) on user.created. IsFatal(false)
2026-05-18 04:55:47.214 -07:00 [WRN] CorrelationId= TraceId= UserId= ServiceName=SplitSpend.AuthService Consumer [] error ("Local_Transport"): localhost:9092/bootstrap: Connect to ipv4#127.0.0.1:9092 failed: Unknown error (after 2049ms in state CONNECT) on user.created. IsFatal(false)
2026-05-18 05:21:19.034 -07:00 [WRN] CorrelationId= TraceId= UserId= ServiceName=SplitSpend.AuthService Consumer [] error ("Local_Transport"): localhost:9092/bootstrap: Connect to ipv4#127.0.0.1:9092 failed: Unknown error (after 2048ms in state CONNECT) on user.created. IsFatal(false)
2026-05-18 05:21:21.454 -07:00 [ERR] CorrelationId= TraceId= UserId= ServiceName=SplitSpend.AuthService Failed to register Auth Service with Consul.
System.Net.Http.HttpRequestException: No connection could be made because the target machine actively refused it. (localhost:8500)
 ---> System.Net.Sockets.SocketException (10061): No connection could be made because the target machine actively refused it.
   at System.Net.Sockets.Socket.AwaitableSocketAsyncEventArgs.ThrowException(SocketError error, CancellationToken cancellationToken)
   at System.Net.Sockets.Socket.AwaitableSocketAsyncEventArgs.System.Threading.Tasks.Sources.IValueTaskSource.GetResult(Int16 token)
   at System.Net.Sockets.Socket.<ConnectAsync>g__WaitForConnectWithCancellation|285_0(AwaitableSocketAsyncEventArgs saea, ValueTask connectTask, CancellationToken cancellationToken)
   at System.Net.Http.HttpConnectionPool.ConnectToTcpHostAsync(String host, Int32 port, HttpRequestMessage initialRequest, Boolean async, CancellationToken cancellationToken)
   --- End of inner exception stack trace ---
   at System.Net.Http.HttpConnectionPool.ConnectToTcpHostAsync(String host, Int32 port, HttpRequestMessage initialRequest, Boolean async, CancellationToken cancellationToken)
   at System.Net.Http.HttpConnectionPool.ConnectAsync(HttpRequestMessage request, Boolean async, CancellationToken cancellationToken)
   at System.Net.Http.HttpConnectionPool.CreateHttp11ConnectionAsync(HttpRequestMessage request, Boolean async, CancellationToken cancellationToken)
   at System.Net.Http.HttpConnectionPool.AddHttp11ConnectionAsync(QueueItem queueItem)
   at System.Threading.Tasks.TaskCompletionSourceWithCancellation`1.WaitWithCancellationAsync(CancellationToken cancellationToken)
   at System.Net.Http.HttpConnectionPool.HttpConnectionWaiter`1.WaitForConnectionWithTelemetryAsync(HttpRequestMessage request, HttpConnectionPool pool, Boolean async, CancellationToken requestCancellationToken)
   at System.Net.Http.HttpConnectionPool.SendWithVersionDetectionAndRetryAsync(HttpRequestMessage request, Boolean async, Boolean doRequestAuth, CancellationToken cancellationToken)
   at System.Net.Http.DiagnosticsHandler.SendAsyncCore(HttpRequestMessage request, Boolean async, CancellationToken cancellationToken)
   at System.Net.Http.RedirectHandler.SendAsync(HttpRequestMessage request, Boolean async, CancellationToken cancellationToken)
   at System.Net.Http.HttpClient.<SendAsync>g__Core|83_0(HttpRequestMessage request, HttpCompletionOption completionOption, CancellationTokenSource cts, Boolean disposeCts, CancellationTokenSource pendingRequestsCts, CancellationToken originalCancellationToken)
   at Consul.PutRequest`1.Execute(CancellationToken ct)
   at SplitSpend.AuthService.Infrastructure.Consul.ConsulRegistrationService.StartAsync(CancellationToken cancellationToken) in C:\Users\OWNER\Desktop\SplitSpend\SplitSpend.AuthService\src\Infrastructure\Consul\ConsulRegistrationService.cs:line 34
2026-05-18 05:21:21.607 -07:00 [WRN] CorrelationId= TraceId= UserId= ServiceName=SplitSpend.AuthService Overriding address(es) 'http://0.0.0.0:5001'. Binding to endpoints defined via IConfiguration and/or UseKestrel() instead.
2026-05-18 05:21:28.357 -07:00 [WRN] CorrelationId= TraceId= UserId= ServiceName=SplitSpend.AuthService Consumer [] error ("Local_Transport"): localhost:9092/bootstrap: Connect to ipv4#127.0.0.1:9092 failed: Unknown error (after 2048ms in state CONNECT) on user.created. IsFatal(false)
2026-05-18 05:21:39.768 -07:00 [WRN] CorrelationId= TraceId= UserId= ServiceName=SplitSpend.AuthService Consumer [] error ("Local_Transport"): localhost:9092/bootstrap: Connect to ipv4#127.0.0.1:9092 failed: Unknown error (after 2051ms in state CONNECT) on user.created. IsFatal(false)
2026-05-18 05:21:57.787 -07:00 [WRN] CorrelationId= TraceId= UserId= ServiceName=SplitSpend.AuthService Consumer [] error ("Local_Transport"): localhost:9092/bootstrap: Connect to ipv4#127.0.0.1:9092 failed: Unknown error (after 2029ms in state CONNECT) on user.created. IsFatal(false)
2026-05-18 05:22:26.277 -07:00 [WRN] CorrelationId= TraceId= UserId= ServiceName=SplitSpend.AuthService Consumer [] error ("Local_Transport"): localhost:9092/bootstrap: Connect to ipv4#127.0.0.1:9092 failed: Unknown error (after 2037ms in state CONNECT) on user.created. IsFatal(false)
2026-05-18 05:22:59.371 -07:00 [WRN] CorrelationId= TraceId= UserId= ServiceName=SplitSpend.AuthService Consumer [] error ("Local_Transport"): localhost:9092/bootstrap: Connect to ipv4#127.0.0.1:9092 failed: Unknown error (after 2035ms in state CONNECT) on user.created. IsFatal(false)
2026-05-18 05:23:32.510 -07:00 [WRN] CorrelationId= TraceId= UserId= ServiceName=SplitSpend.AuthService Consumer [] error ("Local_Transport"): localhost:9092/bootstrap: Connect to ipv4#127.0.0.1:9092 failed: Unknown error (after 2058ms in state CONNECT) on user.created. IsFatal(false)
2026-05-18 05:24:05.614 -07:00 [WRN] CorrelationId= TraceId= UserId= ServiceName=SplitSpend.AuthService Consumer [] error ("Local_Transport"): localhost:9092/bootstrap: Connect to ipv4#127.0.0.1:9092 failed: Unknown error (after 2056ms in state CONNECT) on user.created. IsFatal(false)
2026-05-18 05:24:38.691 -07:00 [WRN] CorrelationId= TraceId= UserId= ServiceName=SplitSpend.AuthService Consumer [] error ("Local_Transport"): localhost:9092/bootstrap: Connect to ipv4#127.0.0.1:9092 failed: Unknown error (after 2032ms in state CONNECT) on user.created. IsFatal(false)
2026-05-18 18:59:59.049 -07:00 [WRN] CorrelationId= TraceId= UserId= ServiceName=SplitSpend.AuthService Consumer [] error ("Local_Transport"): localhost:9092/bootstrap: Connect to ipv4#127.0.0.1:9092 failed: Unknown error (after 2392ms in state CONNECT) on user.created. IsFatal(false)
2026-05-18 19:00:01.133 -07:00 [ERR] CorrelationId= TraceId= UserId= ServiceName=SplitSpend.AuthService Failed to register Auth Service with Consul.
System.Net.Http.HttpRequestException: No connection could be made because the target machine actively refused it. (localhost:8500)
 ---> System.Net.Sockets.SocketException (10061): No connection could be made because the target machine actively refused it.
   at System.Net.Sockets.Socket.AwaitableSocketAsyncEventArgs.ThrowException(SocketError error, CancellationToken cancellationToken)
   at System.Net.Sockets.Socket.AwaitableSocketAsyncEventArgs.System.Threading.Tasks.Sources.IValueTaskSource.GetResult(Int16 token)
   at System.Net.Sockets.Socket.<ConnectAsync>g__WaitForConnectWithCancellation|285_0(AwaitableSocketAsyncEventArgs saea, ValueTask connectTask, CancellationToken cancellationToken)
   at System.Net.Http.HttpConnectionPool.ConnectToTcpHostAsync(String host, Int32 port, HttpRequestMessage initialRequest, Boolean async, CancellationToken cancellationToken)
   --- End of inner exception stack trace ---
   at System.Net.Http.HttpConnectionPool.ConnectToTcpHostAsync(String host, Int32 port, HttpRequestMessage initialRequest, Boolean async, CancellationToken cancellationToken)
   at System.Net.Http.HttpConnectionPool.ConnectAsync(HttpRequestMessage request, Boolean async, CancellationToken cancellationToken)
   at System.Net.Http.HttpConnectionPool.CreateHttp11ConnectionAsync(HttpRequestMessage request, Boolean async, CancellationToken cancellationToken)
   at System.Net.Http.HttpConnectionPool.AddHttp11ConnectionAsync(QueueItem queueItem)
   at System.Threading.Tasks.TaskCompletionSourceWithCancellation`1.WaitWithCancellationAsync(CancellationToken cancellationToken)
   at System.Net.Http.HttpConnectionPool.HttpConnectionWaiter`1.WaitForConnectionWithTelemetryAsync(HttpRequestMessage request, HttpConnectionPool pool, Boolean async, CancellationToken requestCancellationToken)
   at System.Net.Http.HttpConnectionPool.SendWithVersionDetectionAndRetryAsync(HttpRequestMessage request, Boolean async, Boolean doRequestAuth, CancellationToken cancellationToken)
   at System.Net.Http.DiagnosticsHandler.SendAsyncCore(HttpRequestMessage request, Boolean async, CancellationToken cancellationToken)
   at System.Net.Http.RedirectHandler.SendAsync(HttpRequestMessage request, Boolean async, CancellationToken cancellationToken)
   at System.Net.Http.HttpClient.<SendAsync>g__Core|83_0(HttpRequestMessage request, HttpCompletionOption completionOption, CancellationTokenSource cts, Boolean disposeCts, CancellationTokenSource pendingRequestsCts, CancellationToken originalCancellationToken)
   at Consul.PutRequest`1.Execute(CancellationToken ct)
   at SplitSpend.AuthService.Infrastructure.Consul.ConsulRegistrationService.StartAsync(CancellationToken cancellationToken) in C:\Users\OWNER\Desktop\SplitSpend\SplitSpend.AuthService\src\Infrastructure\Consul\ConsulRegistrationService.cs:line 34
2026-05-18 19:00:01.263 -07:00 [WRN] CorrelationId= TraceId= UserId= ServiceName=SplitSpend.AuthService Overriding address(es) 'http://0.0.0.0:5001'. Binding to endpoints defined via IConfiguration and/or UseKestrel() instead.
2026-05-18 19:00:07.866 -07:00 [WRN] CorrelationId= TraceId= UserId= ServiceName=SplitSpend.AuthService Consumer [] error ("Local_Transport"): localhost:9092/bootstrap: Connect to ipv4#127.0.0.1:9092 failed: Unknown error (after 2043ms in state CONNECT) on user.created. IsFatal(false)
